Archive member included to satisfy reference by file (symbol)

/opt/st/stm32cubeide_1.19.0/plugins/com.st.stm32cube.ide.mcu.externaltools.gnu-tools-for-stm32.13.3.rel1.linux64_1.0.0.202410170706/tools/bin/../lib/gcc/arm-none-eabi/13.3.1/../../../../arm-none-eabi/lib/thumb/v7-m/nofp/libc_nano.a(libc_a-atoi.o)
                              ./Core/Src/main.o (atoi)
/opt/st/stm32cubeide_1.19.0/plugins/com.st.stm32cube.ide.mcu.externaltools.gnu-tools-for-stm32.13.3.rel1.linux64_1.0.0.202410170706/tools/bin/../lib/gcc/arm-none-eabi/13.3.1/../../../../arm-none-eabi/lib/thumb/v7-m/nofp/libc_nano.a(libc_a-exit.o)
                              /opt/st/stm32cubeide_1.19.0/plugins/com.st.stm32cube.ide.mcu.externaltools.gnu-tools-for-stm32.13.3.rel1.linux64_1.0.0.202410170706/tools/bin/../lib/gcc/arm-none-eabi/13.3.1/../../../../arm-none-eabi/lib/thumb/v7-m/nofp/crt0.o (exit)
/opt/st/stm32cubeide_1.19.0/plugins/com.st.stm32cube.ide.mcu.externaltools.gnu-tools-for-stm32.13.3.rel1.linux64_1.0.0.202410170706/tools/bin/../lib/gcc/arm-none-eabi/13.3.1/../../../../arm-none-eabi/lib/thumb/v7-m/nofp/libc_nano.a(libc_a-strtol.o)
                              /opt/st/stm32cubeide_1.19.0/plugins/com.st.stm32cube.ide.mcu.externaltools.gnu-tools-for-stm32.13.3.rel1.linux64_1.0.0.202410170706/tools/bin/../lib/gcc/arm-none-eabi/13.3.1/../../../../arm-none-eabi/lib/thumb/v7-m/nofp/libc_nano.a(libc_a-atoi.o) (_strtol_r)
/opt/st/stm32cubeide_1.19.0/plugins/com.st.stm32cube.ide.mcu.externaltools.gnu-tools-for-stm32.13.3.rel1.linux64_1.0.0.202410170706/tools/bin/../lib/gcc/arm-none-eabi/13.3.1/../../../../arm-none-eabi/lib/thumb/v7-m/nofp/libc_nano.a(libc_a-ctype_.o)
                              /opt/st/stm32cubeide_1.19.0/plugins/com.st.stm32cube.ide.mcu.externaltools.gnu-tools-for-stm32.13.3.rel1.linux64_1.0.0.202410170706/tools/bin/../lib/gcc/arm-none-eabi/13.3.1/../../../../arm-none-eabi/lib/thumb/v7-m/nofp/libc_nano.a(libc_a-strtol.o) (_ctype_)
/opt/st/stm32cubeide_1.19.0/plugins/com.st.stm32cube.ide.mcu.externaltools.gnu-tools-for-stm32.13.3.rel1.linux64_1.0.0.202410170706/tools/bin/../lib/gcc/arm-none-eabi/13.3.1/../../../../arm-none-eabi/lib/thumb/v7-m/nofp/libc_nano.a(libc_a-findfp.o)
                              /opt/st/stm32cubeide_1.19.0/plugins/com.st.stm32cube.ide.mcu.externaltools.gnu-tools-for-stm32.13.3.rel1.linux64_1.0.0.202410170706/tools/bin/../lib/gcc/arm-none-eabi/13.3.1/../../../../arm-none-eabi/lib/thumb/v7-m/nofp/libc_nano.a(libc_a-exit.o) (__stdio_exit_handler)
/opt/st/stm32cubeide_1.19.0/plugins/com.st.stm32cube.ide.mcu.externaltools.gnu-tools-for-stm32.13.3.rel1.linux64_1.0.0.202410170706/tools/bin/../lib/gcc/arm-none-eabi/13.3.1/../../../../arm-none-eabi/lib/thumb/v7-m/nofp/libc_nano.a(libc_a-fwalk.o)
                              /opt/st/stm32cubeide_1.19.0/plugins/com.st.stm32cube.ide.mcu.externaltools.gnu-tools-for-stm32.13.3.rel1.linux64_1.0.0.202410170706/tools/bin/../lib/gcc/arm-none-eabi/13.3.1/../../../../arm-none-eabi/lib/thumb/v7-m/nofp/libc_nano.a(libc_a-findfp.o) (_fwalk_sglue)
/opt/st/stm32cubeide_1.19.0/plugins/com.st.stm32cube.ide.mcu.externaltools.gnu-tools-for-stm32.13.3.rel1.linux64_1.0.0.202410170706/tools/bin/../lib/gcc/arm-none-eabi/13.3.1/../../../../arm-none-eabi/lib/thumb/v7-m/nofp/libc_nano.a(libc_a-stdio.o)
                              /opt/st/stm32cubeide_1.19.0/plugins/com.st.stm32cube.ide.mcu.externaltools.gnu-tools-for-stm32.13.3.rel1.linux64_1.0.0.202410170706/tools/bin/../lib/gcc/arm-none-eabi/13.3.1/../../../../arm-none-eabi/lib/thumb/v7-m/nofp/libc_nano.a(libc_a-findfp.o) (__sread)
/opt/st/stm32cubeide_1.19.0/plugins/com.st.stm32cube.ide.mcu.externaltools.gnu-tools-for-stm32.13.3.rel1.linux64_1.0.0.202410170706/tools/bin/../lib/gcc/arm-none-eabi/13.3.1/../../../../arm-none-eabi/lib/thumb/v7-m/nofp/libc_nano.a(libc_a-memset.o)
                              /opt/st/stm32cubeide_1.19.0/plugins/com.st.stm32cube.ide.mcu.externaltools.gnu-tools-for-stm32.13.3.rel1.linux64_1.0.0.202410170706/tools/bin/../lib/gcc/arm-none-eabi/13.3.1/../../../../arm-none-eabi/lib/thumb/v7-m/nofp/crt0.o (memset)
/opt/st/stm32cubeide_1.19.0/plugins/com.st.stm32cube.ide.mcu.externaltools.gnu-tools-for-stm32.13.3.rel1.linux64_1.0.0.202410170706/tools/bin/../lib/gcc/arm-none-eabi/13.3.1/../../../../arm-none-eabi/lib/thumb/v7-m/nofp/libc_nano.a(libc_a-closer.o)
                              /opt/st/stm32cubeide_1.19.0/plugins/com.st.stm32cube.ide.mcu.externaltools.gnu-tools-for-stm32.13.3.rel1.linux64_1.0.0.202410170706/tools/bin/../lib/gcc/arm-none-eabi/13.3.1/../../../../arm-none-eabi/lib/thumb/v7-m/nofp/libc_nano.a(libc_a-stdio.o) (_close_r)
/opt/st/stm32cubeide_1.19.0/plugins/com.st.stm32cube.ide.mcu.externaltools.gnu-tools-for-stm32.13.3.rel1.linux64_1.0.0.202410170706/tools/bin/../lib/gcc/arm-none-eabi/13.3.1/../../../../arm-none-eabi/lib/thumb/v7-m/nofp/libc_nano.a(libc_a-reent.o)
[...]
Memory Configuration

Name             Origin             Length             Attributes
RAM              0x20000000         0x00005000         xrw
FLASH            0x08000000         0x00010000         xr
*default*        0x00000000         0xffffffff

Linker script and memory map

LOAD /opt/st/stm32cubeide_1.19.0/plugins/com.st.stm32cube.ide.mcu.externaltools.gnu-tools-for-stm32.13.3.rel1.linux64_1.0.0.202410170706/tools/bin/../lib/gcc/arm-none-eabi/13.3.1/thumb/v7-m/nofp/crti.o
LOAD /opt/st/stm32cubeide_1.19.0/plugins/com.st.stm32cube.ide.mcu.externaltools.gnu-tools-for-stm32.13.3.rel1.linux64_1.0.0.202410170706/tools/bin/../lib/gcc/arm-none-eabi/13.3.1/thumb/v7-m/nofp/crtbegin.o
LOAD /opt/st/stm32cubeide_1.19.0/plugins/com.st.stm32cube.ide.mcu.externaltools.gnu-tools-for-stm32.13.3.rel1.linux64_1.0.0.202410170706/tools/bin/../lib/gcc/arm-none-eabi/13.3.1/../../../../arm-none-eabi/lib/thumb/v7-m/nofp/crt0.o
LOAD ./Core/Src/main.o
LOAD ./Core/Src/stm32f1xx_hal_msp.o
LOAD ./Core/Src/stm32f1xx_it.o
LOAD ./Core/Src/syscalls.o
LOAD ./Core/Src/sysmem.o
LOAD ./Core/Src/system_stm32f1xx.o
LOAD ./Core/Startup/startup_stm32f103c8tx.o
LOAD ./Drivers/STM32F1xx_HAL_Driver/Src/stm32f1xx_hal.o
LOAD ./Drivers/STM32F1xx_HAL_Driver/Src/stm32f1xx_hal_cortex.o
LOAD ./Drivers/STM32F1xx_HAL_Driver/Src/stm32f1xx_hal_dma.o
LOAD ./Drivers/STM32F1xx_HAL_Driver/Src/stm32f1xx_hal_exti.o
LOAD ./Drivers/STM32F1xx_HAL_Driver/Src/stm32f1xx_hal_flash.o
LOAD ./Drivers/STM32F1xx_HAL_Driver/Src/stm32f1xx_hal_flash_ex.o
LOAD ./Drivers/STM32F1xx_HAL_Driver/Src/stm32f1xx_hal_gpio.o
LOAD ./Drivers/STM32F1xx_HAL_Driver/Src/stm32f1xx_hal_gpio_ex.o
LOAD ./Drivers/STM32F1xx_HAL_Driver/Src/stm32f1xx_hal_pcd.o
LOAD ./Drivers/STM32F1xx_HAL_Driver/Src/stm32f1xx_hal_pcd_ex.o
LOAD ./Drivers/STM32F1xx_HAL_Driver/Src/stm32f1xx_hal_pwr.o
LOAD ./Drivers/STM32F1xx_HAL_Driver/Src/stm32f1xx_hal_rcc.o
LOAD ./Drivers/STM32F1xx_HAL_Driver/Src/stm32f1xx_hal_rcc_ex.o
LOAD ./Drivers/STM32F1xx_HAL_Driver/Src/stm32f1xx_ll_usb.o
LOAD ./Middlewares/ST/STM32_USB_Device_Library/Class/CDC/Src/usbd_cdc.o
LOAD ./Middlewares/ST/STM32_USB_Device_Library/Core/Src/usbd_core.o
LOAD ./Middlewares/ST/STM32_USB_Device_Library/Core/Src/usbd_ctlreq.o
LOAD ./Middlewares/ST/STM32_USB_Device_Library/Core/Src/usbd_ioreq.o
LOAD ./USB_DEVICE/App/usb_device.o
LOAD ./USB_DEVICE/App/usbd_cdc_if.o
LOAD ./USB_DEVICE/App/usbd_desc.o
LOAD ./USB_DEVICE/Target/usbd_conf.o
START GROUP
LOAD /opt/st/stm32cubeide_1.19.0/plugins/com.st.stm32cube.ide.mcu.externaltools.gnu-tools-for-stm32.13.3.rel1.linux64_1.0.0.202410170706/tools/bin/../lib/gcc/arm-none-eabi/13.3.1/../../../../arm-none-eabi/lib/thumb/v7-m/nofp/libc_nano.a
LOAD /opt/st/stm32cubeide_1.19.0/plugins/com.st.stm32cube.ide.mcu.externaltools.gnu-tools-for-stm32.13.3.rel1.linux64_1.0.0.202410170706/tools/bin/../lib/gcc/arm-none-eabi/13.3.1/../../../../arm-none-eabi/lib/thumb/v7-m/nofp/libm.a
END GROUP
START GROUP
LOAD /opt/st/stm32cubeide_1.19.0/plugins/com.st.stm32cube.ide.mcu.externaltools.gnu-tools-for-stm32.13.3.rel1.linux64_1.0.0.202410170706/tools/bin/../lib/gcc/arm-none-eabi/13.3.1/thumb/v7-m/nofp/libgcc.a
LOAD /opt/st/stm32cubeide_1.19.0/plugins/com.st.stm32cube.ide.mcu.externaltools.gnu-tools-for-stm32.13.3.rel1.linux64_1.0.0.202410170706/tools/bin/../lib/gcc/arm-none-eabi/13.3.1/../../../../arm-none-eabi/lib/thumb/v7-m/nofp/libc_nano.a
END GROUP
START GROUP
LOAD /opt/st/stm32cubeide_1.19.0/plugins/com.st.stm32cube.ide.mcu.externaltools.gnu-tools-for-stm32.13.3.rel1.linux64_1.0.0.202410170706/tools/bin/../lib/gcc/arm-none-eabi/13.3.1/thumb/v7-m/nofp/libgcc.a
LOAD /opt/st/stm32cubeide_1.19.0/plugins/com.st.stm32cube.ide.mcu.externaltools.gnu-tools-for-stm32.13.3.rel1.linux64_1.0.0.202410170706/tools/bin/../lib/gcc/arm-none-eabi/13.3.1/../../../../arm-none-eabi/lib/thumb/v7-m/nofp/libc_nano.a
LOAD /opt/st/stm32cubeide_1.19.0/plugins/com.st.stm32cube.ide.mcu.externaltools.gnu-tools-for-stm32.13.3.rel1.linux64_1.0.0.202410170706/tools/bin/../lib/gcc/arm-none-eabi/13.3.1/../../../../arm-none-eabi/lib/thumb/v7-m/nofp/libnosys.a
END GROUP
START GROUP
LOAD /opt/st/stm32cubeide_1.19.0/plugins/com.st.stm32cube.ide.mcu.externaltools.gnu-tools-for-stm32.13.3.rel1.linux64_1.0.0.202410170706/tools/bin/../lib/gcc/arm-none-eabi/13.3.1/thumb/v7-m/nofp/libgcc.a
LOAD /opt/st/stm32cubeide_1.19.0/plugins/com.st.stm32cube.ide.mcu.externaltools.gnu-tools-for-stm32.13.3.rel1.linux64_1.0.0.202410170706/tools/bin/../lib/gcc/arm-none-eabi/13.3.1/../../../../arm-none-eabi/lib/thumb/v7-m/nofp/libc_nano.a
LOAD /opt/st/stm32cubeide_1.19.0/plugins/com.st.stm32cube.ide.mcu.externaltools.gnu-tools-for-stm32.13.3.rel1.linux64_1.0.0.202410170706/tools/bin/../lib/gcc/arm-none-eabi/13.3.1/../../../../arm-none-eabi/lib/thumb/v7-m/nofp/libnosys.a
END GROUP
LOAD /opt/st/stm32cubeide_1.19.0/plugins/com.st.stm32cube.ide.mcu.externaltools.gnu-tools-for-stm32.13.3.rel1.linux64_1.0.0.202410170706/tools/bin/../lib/gcc/arm-none-eabi/13.3.1/thumb/v7-m/nofp/crtend.o
LOAD /opt/st/stm32cubeide_1.19.0/plugins/com.st.stm32cube.ide.mcu.externaltools.gnu-tools-for-stm32.13.3.rel1.linux64_1.0.0.202410170706/tools/bin/../lib/gcc/arm-none-eabi/13.3.1/thumb/v7-m/nofp/crtn.o
                0x20005000                        _estack = (ORIGIN (RAM) + LENGTH (RAM))
                0x00000200                        _Min_Heap_Size = 0x200
                0x00000400                        _Min_Stack_Size = 0x400

.isr_vector     0x08000000      0x10c
                0x08000000                        . = ALIGN (0x4)
 *(.isr_vector)
 .isr_vector    0x08000000      0x10c ./Core/Startup/startup_stm32f103c8tx.o
                0x08000000                g_pfnVectors
                0x0800010c                        . = ALIGN (0x4)

.text           0x0800010c     0x75dc
                0x0800010c                        . = ALIGN (0x4)
 *(.text)
 .text          0x0800010c       0x40 /opt/st/stm32cubeide_1.19.0/plugins/com.st.stm32cube.ide.mcu.externaltools.gnu-tools-for-stm32.13.3.rel1.linux64_1.0.0.202410170706/tools/bin/../lib/gcc/arm-none-eabi/13.3.1/thumb/v7-m/nofp/crtbegin.o
 *(.text*)
 .text.main     0x0800014c       0xbc ./Core/Src/main.o
                0x0800014c                main
 .text.SystemClock_Config
                0x08000208       0xb4 ./Core/Src/main.o
                0x08000208                SystemClock_Config
 .text.MX_GPIO_Init
                0x080002bc       0x98 ./Core/Src/main.o
 .text.Error_Handler
                0x08000354        0xc ./Core/Src/main.o
                0x08000354                Error_Handler
 .text.HAL_MspInit
                0x08000360       0x64 ./Core/Src/stm32f1xx_hal_msp.o
                0x08000360                HAL_MspInit
 .text.NMI_Handler
                0x080003c4        0x8 ./Core/Src/stm32f1xx_it.o
                0x080003c4                NMI_Handler
 .text.HardFault_Handler
                0x080003cc        0x8 ./Core/Src/stm32f1xx_it.o
                0x080003cc                HardFault_Handler
 .text.MemManage_Handler
                0x080003d4        0x8 ./Core/Src/stm32f1xx_it.o
                0x080003d4                MemManage_Handler
 .text.BusFault_Handler
                0x080003dc        0x8 ./Core/Src/stm32f1xx_it.o
                0x080003dc                BusFault_Handler
 .text.UsageFault_Handler
                0x080003e4        0x8 ./Core/Src/stm32f1xx_it.o
                0x080003e4                UsageFault_Handler
 .text.SVC_Handler
                0x080003ec        0xc ./Core/Src/stm32f1xx_it.o
                0x080003ec                SVC_Handler
 .text.DebugMon_Handler
                0x080003f8        0xc ./Core/Src/stm32f1xx_it.o
                0x080003f8                DebugMon_Handler
 .text.PendSV_Handler
                0x08000404        0xc ./Core/Src/stm32f1xx_it.o
                0x08000404                PendSV_Handler
 .text.SysTick_Handler
                0x08000410        0xc ./Core/Src/stm32f1xx_it.o
                0x08000410                SysTick_Handler
 .text.USB_LP_CAN1_RX0_IRQHandler
                0x0800041c       0x14 ./Core/Src/stm32f1xx_it.o
                0x0800041c                USB_LP_CAN1_RX0_IRQHandler
 .text.SystemInit
                0x08000430        0xc ./Core/Src/system_stm32f1xx.o
                0x08000430                SystemInit
 .text.Reset_Handler
                0x0800043c       0x48 ./Core/Startup/startup_stm32f103c8tx.o
                0x0800043c                Reset_Handler
 .text.Default_Handler
                0x08000484        0x2 ./Core/Startup/startup_stm32f103c8tx.o
                0x08000484                RTC_Alarm_IRQHandler
                0x08000484                EXTI2_IRQHandler
                0x08000484                TIM1_CC_IRQHandler
                0x08000484                PVD_IRQHandler
                0x08000484                EXTI3_IRQHandler
                0x08000484                EXTI0_IRQHandler
                0x08000484                I2C2_EV_IRQHandler
                0x08000484                ADC1_2_IRQHandler
                0x08000484                SPI1_IRQHandler
                0x08000484                TAMPER_IRQHandler
                0x08000484                DMA1_Channel4_IRQHandler
                0x08000484                USART3_IRQHandler
                0x08000484                RTC_IRQHandler
                0x08000484                DMA1_Channel7_IRQHandler
                0x08000484                CAN1_RX1_IRQHandler
                0x08000484                TIM4_IRQHandler
                0x08000484                I2C1_EV_IRQHandler
                0x08000484                DMA1_Channel6_IRQHandler
                0x08000484                TIM3_IRQHandler
                0x08000484                RCC_IRQHandler
                0x08000484                TIM1_TRG_COM_IRQHandler
                0x08000484                DMA1_Channel1_IRQHandler
                0x08000484                Default_Handler
                0x08000484                EXTI15_10_IRQHandler
                0x08000484                EXTI9_5_IRQHandler
                0x08000484                SPI2_IRQHandler
                0x08000484                DMA1_Channel5_IRQHandler
                0x08000484                EXTI4_IRQHandler
                0x08000484                USB_HP_CAN1_TX_IRQHandler
                0x08000484                DMA1_Channel3_IRQHandler
                0x08000484                TIM1_UP_IRQHandler
                0x08000484                WWDG_IRQHandler
                0x08000484                TIM2_IRQHandler
                0x08000484                TIM1_BRK_IRQHandler
                0x08000484                EXTI1_IRQHandler
                0x08000484                USART2_IRQHandler
                0x08000484                I2C2_ER_IRQHandler
                0x08000484                DMA1_Channel2_IRQHandler
                0x08000484                CAN1_SCE_IRQHandler
                0x08000484                FLASH_IRQHandler
                0x08000484                USART1_IRQHandler
                0x08000484                I2C1_ER_IRQHandler
                0x08000484                USBWakeUp_IRQHandler
 *fill*         0x08000486        0x2 
 .text.HAL_Init
                0x08000488       0x2c ./Drivers/STM32F1xx_HAL_Driver/Src/stm32f1xx_hal.o
                0x08000488                HAL_Init
 .text.HAL_InitTick
                0x080004b4       0x60 ./Drivers/STM32F1xx_HAL_Driver/Src/stm32f1xx_hal.o
                0x080004b4                HAL_InitTick
 .text.HAL_IncTick
                0x08000514       0x24 ./Drivers/STM32F1xx_HAL_Driver/Src/stm32f1xx_hal.o
                0x08000514                HAL_IncTick
 .text.HAL_GetTick
                0x08000538       0x14 ./Drivers/STM32F1xx_HAL_Driver/Src/stm32f1xx_hal.o
                0x08000538                HAL_GetTick
 .text.__NVIC_SetPriorityGrouping
                0x0800054c       0x48 ./Drivers/STM32F1xx_HAL_Driver/Src/stm32f1xx_hal_cortex.o
 .text.__NVIC_GetPriorityGrouping
                0x08000594       0x1c ./Drivers/STM32F1xx_HAL_Driver/Src/stm32f1xx_hal_cortex.o
 .text.__NVIC_EnableIRQ
                0x080005b0       0x38 ./Drivers/STM32F1xx_HAL_Driver/Src/stm32f1xx_hal_cortex.o
 .text.__NVIC_SetPriority
                0x080005e8       0x54 ./Drivers/STM32F1xx_HAL_Driver/Src/stm32f1xx_hal_cortex.o
 .text.NVIC_EncodePriority
                0x0800063c       0x64 ./Drivers/STM32F1xx_HAL_Driver/Src/stm32f1xx_hal_cortex.o
 .text.SysTick_Config
                0x080006a0       0x44 ./Drivers/STM32F1xx_HAL_Driver/Src/stm32f1xx_hal_cortex.o
 .text.HAL_NVIC_SetPriorityGrouping
                0x080006e4       0x16 ./Drivers/STM32F1xx_HAL_Driver/Src/stm32f1xx_hal_cortex.o
                0x080006e4                HAL_NVIC_SetPriorityGrouping
 .text.HAL_NVIC_SetPriority
                0x080006fa       0x38 ./Drivers/STM32F1xx_HAL_Driver/Src/stm32f1xx_hal_cortex.o
                0x080006fa                HAL_NVIC_SetPriority
 .text.HAL_NVIC_EnableIRQ
                0x08000732       0x1c ./Drivers/STM32F1xx_HAL_Driver/Src/stm32f1xx_hal_cortex.o
                0x08000732                HAL_NVIC_EnableIRQ
 .text.HAL_SYSTICK_Config
                0x0800074e       0x18 ./Drivers/STM32F1xx_HAL_Driver/Src/stm32f1xx_hal_cortex.o
                0x0800074e                HAL_SYSTICK_Config
 *fill*         0x08000766        0x2 
 .text.HAL_GPIO_Init
                0x08000768      0x308 ./Drivers/STM32F1xx_HAL_Driver/Src/stm32f1xx_hal_gpio.o
                0x08000768                HAL_GPIO_Init
 .text.HAL_GPIO_WritePin
                0x08000a70       0x30 ./Drivers/STM32F1xx_HAL_Driver/Src/stm32f1xx_hal_gpio.o
                0x08000a70                HAL_GPIO_WritePin
 .text.HAL_PCD_Init
                0x08000aa0      0x1ec ./Drivers/STM32F1xx_HAL_Driver/Src/stm32f1xx_hal_pcd.o
                0x08000aa0                HAL_PCD_Init
 .text.HAL_PCD_Start
                0x08000c8c       0x4c ./Drivers/STM32F1xx_HAL_Driver/Src/stm32f1xx_hal_pcd.o
                0x08000c8c                HAL_PCD_Start
 .text.HAL_PCD_IRQHandler
                0x08000cd8      0x260 ./Drivers/STM32F1xx_HAL_Driver/Src/stm32f1xx_hal_pcd.o
                0x08000cd8                HAL_PCD_IRQHandler
 .text.HAL_PCD_SetAddress
                0x08000f38       0x48 ./Drivers/STM32F1xx_HAL_Driver/Src/stm32f1xx_hal_pcd.o
                0x08000f38                HAL_PCD_SetAddress
 .text.HAL_PCD_EP_Open
                0x08000f80       0xba ./Drivers/STM32F1xx_HAL_Driver/Src/stm32f1xx_hal_pcd.o
                0x08000f80                HAL_PCD_EP_Open
 .text.HAL_PCD_EP_Close
                0x0800103a       0x90 ./Drivers/STM32F1xx_HAL_Driver/Src/stm32f1xx_hal_pcd.o
                0x0800103a                HAL_PCD_EP_Close
 .text.HAL_PCD_EP_Receive
                0x080010ca       0x62 ./Drivers/STM32F1xx_HAL_Driver/Src/stm32f1xx_hal_pcd.o
                0x080010ca                HAL_PCD_EP_Receive
 .text.HAL_PCD_EP_GetRxCount
                0x0800112c       0x2e ./Drivers/STM32F1xx_HAL_Driver/Src/stm32f1xx_hal_pcd.o
                0x0800112c                HAL_PCD_EP_GetRxCount
 .text.HAL_PCD_EP_Transmit
                0x0800115a       0x6e ./Drivers/STM32F1xx_HAL_Driver/Src/stm32f1xx_hal_pcd.o
                0x0800115a                HAL_PCD_EP_Transmit
 .text.HAL_PCD_EP_SetStall
                0x080011c8       0xc0 ./Drivers/STM32F1xx_HAL_Driver/Src/stm32f1xx_hal_pcd.o
                0x080011c8                HAL_PCD_EP_SetStall
 .text.HAL_PCD_EP_ClrStall
                0x08001288       0xa8 ./Drivers/STM32F1xx_HAL_Driver/Src/stm32f1xx_hal_pcd.o
                0x08001288                HAL_PCD_EP_ClrStall
 .text.PCD_EP_ISR_Handler
                0x08001330      0x79e ./Drivers/STM32F1xx_HAL_Driver/Src/stm32f1xx_hal_pcd.o
 .text.HAL_PCD_EP_DB_Receive
                0x08001ace      0x21a ./Drivers/STM32F1xx_HAL_Driver/Src/stm32f1xx_hal_pcd.o
 .text.HAL_PCD_EP_DB_Transmit
                0x08001ce8      0x7f4 ./Drivers/STM32F1xx_HAL_Driver/Src/stm32f1xx_hal_pcd.o
 .text.HAL_PCDEx_PMAConfig
                0x080024dc       0x84 ./Drivers/STM32F1xx_HAL_Driver/Src/stm32f1xx_hal_pcd_ex.o
                0x080024dc                HAL_PCDEx_PMAConfig
 .text.HAL_RCC_OscConfig
                0x08002560      0x504 ./Drivers/STM32F1xx_HAL_Driver/Src/stm32f1xx_hal_rcc.o
                0x08002560                HAL_RCC_OscConfig
 .text.HAL_RCC_ClockConfig
                0x08002a64      0x1d4 ./Drivers/STM32F1xx_HAL_Driver/Src/stm32f1xx_hal_rcc.o
                0x08002a64                HAL_RCC_ClockConfig
 .text.HAL_RCC_GetSysClockFreq
                0x08002c38       0xa8 ./Drivers/STM32F1xx_HAL_Driver/Src/stm32f1xx_hal_rcc.o
                0x08002c38                HAL_RCC_GetSysClockFreq
 .text.RCC_Delay
                0x08002ce0       0x3c ./Drivers/STM32F1xx_HAL_Driver/Src/stm32f1xx_hal_rcc.o
 .text.HAL_RCCEx_PeriphCLKConfig
                0x08002d1c      0x16c ./Drivers/STM32F1xx_HAL_Driver/Src/stm32f1xx_hal_rcc_ex.o
                0x08002d1c                HAL_RCCEx_PeriphCLKConfig
 .text.USB_CoreInit
                0x08002e88       0x1a ./Drivers/STM32F1xx_HAL_Driver/Src/stm32f1xx_ll_usb.o
                0x08002e88                USB_CoreInit
 .text.USB_EnableGlobalInt
                0x08002ea2       0x2c ./Drivers/STM32F1xx_HAL_Driver/Src/stm32f1xx_ll_usb.o
                0x08002ea2                USB_EnableGlobalInt
 .text.USB_DisableGlobalInt
                0x08002ece       0x34 ./Drivers/STM32F1xx_HAL_Driver/Src/stm32f1xx_ll_usb.o
                0x08002ece                USB_DisableGlobalInt
 .text.USB_SetCurrentMode
                0x08002f02       0x18 ./Drivers/STM32F1xx_HAL_Driver/Src/stm32f1xx_ll_usb.o
                0x08002f02                USB_SetCurrentMode
 .text.USB_DevInit
                0x08002f1a       0x3a ./Drivers/STM32F1xx_HAL_Driver/Src/stm32f1xx_ll_usb.o
                0x08002f1a                USB_DevInit
 .text.USB_ActivateEndpoint
                0x08002f54      0x780 ./Drivers/STM32F1xx_HAL_Driver/Src/stm32f1xx_ll_usb.o
                0x08002f54                USB_ActivateEndpoint
 .text.USB_DeactivateEndpoint
                0x080036d4      0x3d8 ./Drivers/STM32F1xx_HAL_Driver/Src/stm32f1xx_ll_usb.o
                0x080036d4                USB_DeactivateEndpoint
 .text.USB_EPStartXfer
                0x08003aac     0x1762 ./Drivers/STM32F1xx_HAL_Driver/Src/stm32f1xx_ll_usb.o
                0x08003aac                USB_EPStartXfer
 .text.USB_EPSetStall
                0x0800520e       0xa0 ./Drivers/STM32F1xx_HAL_Driver/Src/stm32f1xx_ll_usb.o
                0x0800520e                USB_EPSetStall
 .text.USB_EPClearStall
                0x080052ae      0x15a ./Drivers/STM32F1xx_HAL_Driver/Src/stm32f1xx_ll_usb.o
                0x080052ae                USB_EPClearStall
 .text.USB_SetDevAddress
                0x08005408       0x26 ./Drivers/STM32F1xx_HAL_Driver/Src/stm32f1xx_ll_usb.o
                0x08005408                USB_SetDevAddress
 .text.USB_DevConnect
                0x0800542e       0x14 ./Drivers/STM32F1xx_HAL_Driver/Src/stm32f1xx_ll_usb.o
                0x0800542e                USB_DevConnect
 .text.USB_DevDisconnect
                0x08005442       0x14 ./Drivers/STM32F1xx_HAL_Driver/Src/stm32f1xx_ll_usb.o
                0x08005442                USB_DevDisconnect
 .text.USB_ReadInterrupts
                0x08005456       0x1e ./Drivers/STM32F1xx_HAL_Driver/Src/stm32f1xx_ll_usb.o
                0x08005456                USB_ReadInterrupts
 .text.USB_EP0_OutStart
                0x08005474       0x16 ./Drivers/STM32F1xx_HAL_Driver/Src/stm32f1xx_ll_usb.o
                0x08005474                USB_EP0_OutStart
 .text.USB_WritePMA
                0x0800548a       0x8c ./Drivers/STM32F1xx_HAL_Driver/Src/stm32f1xx_ll_usb.o
                0x0800548a                USB_WritePMA
 .text.USB_ReadPMA
                0x08005516       0x9e ./Drivers/STM32F1xx_HAL_Driver/Src/stm32f1xx_ll_usb.o
                0x08005516                USB_ReadPMA
 .text.USBD_CDC_Init
                0x080055b4       0xf4 ./Middlewares/ST/STM32_USB_Device_Library/Class/CDC/Src/usbd_cdc.o
 .text.USBD_CDC_DeInit
                0x080056a8       0x6e ./Middlewares/ST/STM32_USB_Device_Library/Class/CDC/Src/usbd_cdc.o
 .text.USBD_CDC_Setup
                0x08005716      0x146 ./Middlewares/ST/STM32_USB_Device_Library/Class/CDC/Src/usbd_cdc.o
 .text.USBD_CDC_DataIn
                0x0800585c       0xa6 ./Middlewares/ST/STM32_USB_Device_Library/Class/CDC/Src/usbd_cdc.o
 .text.USBD_CDC_DataOut
                0x08005902       0x56 ./Middlewares/ST/STM32_USB_Device_Library/Class/CDC/Src/usbd_cdc.o
 .text.USBD_CDC_EP0_RxReady
                0x08005958       0x4e ./Middlewares/ST/STM32_USB_Device_Library/Class/CDC/Src/usbd_cdc.o
 *fill*         0x080059a6        0x2 
 .text.USBD_CDC_GetFSCfgDesc
                0x080059a8       0x20 ./Middlewares/ST/STM32_USB_Device_Library/Class/CDC/Src/usbd_cdc.o
 .text.USBD_CDC_GetHSCfgDesc
                0x080059c8       0x20 ./Middlewares/ST/STM32_USB_Device_Library/Class/CDC/Src/usbd_cdc.o
 .text.USBD_CDC_GetOtherSpeedCfgDesc
                0x080059e8       0x20 ./Middlewares/ST/STM32_USB_Device_Library/Class/CDC/Src/usbd_cdc.o
 .text.USBD_CDC_GetDeviceQualifierDescriptor
                0x08005a08       0x20 ./Middlewares/ST/STM32_USB_Device_Library/Class/CDC/Src/usbd_cdc.o
                0x08005a08                USBD_CDC_GetDeviceQualifierDescriptor
 .text.USBD_CDC_RegisterInterface
                0x08005a28       0x2c ./Middlewares/ST/STM32_USB_Device_Library/Class/CDC/Src/usbd_cdc.o
                0x08005a28                USBD_CDC_RegisterInterface
 .text.USBD_CDC_SetTxBuffer
                0x08005a54       0x32 ./Middlewares/ST/STM32_USB_Device_Library/Class/CDC/Src/usbd_cdc.o
                0x08005a54                USBD_CDC_SetTxBuffer
 .text.USBD_CDC_SetRxBuffer
                0x08005a86       0x26 ./Middlewares/ST/STM32_USB_Device_Library/Class/CDC/Src/usbd_cdc.o
                0x08005a86                USBD_CDC_SetRxBuffer
 .text.USBD_CDC_ReceivePacket
                0x08005aac       0x54 ./Middlewares/ST/STM32_USB_Device_Library/Class/CDC/Src/usbd_cdc.o
                0x08005aac                USBD_CDC_ReceivePacket
 .text.USBD_Init
                0x08005b00       0x56 ./Middlewares/ST/STM32_USB_Device_Library/Core/Src/usbd_core.o
                0x08005b00                USBD_Init
 .text.USBD_RegisterClass
                0x08005b56       0x32 ./Middlewares/ST/STM32_USB_Device_Library/Core/Src/usbd_core.o
                0x08005b56                USBD_RegisterClass
 .text.USBD_Start
                0x08005b88       0x18 ./Middlewares/ST/STM32_USB_Device_Library/Core/Src/usbd_core.o
                0x08005b88                USBD_Start
 .text.USBD_RunTestMode
                0x08005ba0       0x14 ./Middlewares/ST/STM32_USB_Device_Library/Core/Src/usbd_core.o
                0x08005ba0                USBD_RunTestMode
 .text.USBD_SetClassConfig
                0x08005bb4       0x3e ./Middlewares/ST/STM32_USB_Device_Library/Core/Src/usbd_core.o
                0x08005bb4                USBD_SetClassConfig
 .text.USBD_ClrClassConfig
                0x08005bf2       0x26 ./Middlewares/ST/STM32_USB_Device_Library/Core/Src/usbd_core.o
                0x08005bf2                USBD_ClrClassConfig
 .text.USBD_LL_SetupStage
                0x08005c18       0x9a ./Middlewares/ST/STM32_USB_Device_Library/Core/Src/usbd_core.o
                0x08005c18                USBD_LL_SetupStage
 .text.USBD_LL_DataOutStage
                0x08005cb2       0xe2 ./Middlewares/ST/STM32_USB_Device_Library/Core/Src/usbd_core.o
                0x08005cb2                USBD_LL_DataOutStage
 .text.USBD_LL_DataInStage
                0x08005d94      0x14a ./Middlewares/ST/STM32_USB_Device_Library/Core/Src/usbd_core.o
                0x08005d94                USBD_LL_DataInStage
 .text.USBD_LL_Reset
                0x08005ede       0x82 ./Middlewares/ST/STM32_USB_Device_Library/Core/Src/usbd_core.o
                0x08005ede                USBD_LL_Reset
 .text.USBD_LL_SetSpeed
                0x08005f60       0x1e ./Middlewares/ST/STM32_USB_Device_Library/Core/Src/usbd_core.o
                0x08005f60                USBD_LL_SetSpeed
 .text.USBD_LL_Suspend
                0x08005f7e       0x28 ./Middlewares/ST/STM32_USB_Device_Library/Core/Src/usbd_core.o
                0x08005f7e                USBD_LL_Suspend
 .text.USBD_LL_Resume
                0x08005fa6       0x2a ./Middlewares/ST/STM32_USB_Device_Library/Core/Src/usbd_core.o
                0x08005fa6                USBD_LL_Resume
 .text.USBD_LL_SOF
                0x08005fd0       0x34 ./Middlewares/ST/STM32_USB_Device_Library/Core/Src/usbd_core.o
                0x08005fd0                USBD_LL_SOF
 .text.USBD_StdDevReq
                0x08006004       0xd4 ./Middlewares/ST/STM32_USB_Device_Library/Core/Src/usbd_ctlreq.o
                0x08006004                USBD_StdDevReq
 .text.USBD_StdItfReq
                0x080060d8       0x90 ./Middlewares/ST/STM32_USB_Device_Library/Core/Src/usbd_ctlreq.o
                0x080060d8                USBD_StdItfReq
 .text.USBD_StdEPReq
                0x08006168      0x2c6 ./Middlewares/ST/STM32_USB_Device_Library/Core/Src/usbd_ctlreq.o
                0x08006168                USBD_StdEPReq
 *fill*         0x0800642e        0x2 
 .text.USBD_GetDescriptor
                0x08006430      0x2d0 ./Middlewares/ST/STM32_USB_Device_Library/Core/Src/usbd_ctlreq.o
 .text.USBD_SetAddress
                0x08006700       0x86 ./Middlewares/ST/STM32_USB_Device_Library/Core/Src/usbd_ctlreq.o
 *fill*         0x08006786        0x2 
 .text.USBD_SetConfig
                0x08006788      0x11c ./Middlewares/ST/STM32_USB_Device_Library/Core/Src/usbd_ctlreq.o
 .text.USBD_GetConfig
                0x080068a4       0x6a ./Middlewares/ST/STM32_USB_Device_Library/Core/Src/usbd_ctlreq.o
 .text.USBD_GetStatus
                0x0800690e       0x66 ./Middlewares/ST/STM32_USB_Device_Library/Core/Src/usbd_ctlreq.o
 .text.USBD_SetFeature
                0x08006974       0x28 ./Middlewares/ST/STM32_USB_Device_Library/Core/Src/usbd_ctlreq.o
 .text.USBD_ClrFeature
                0x0800699c       0x42 ./Middlewares/ST/STM32_USB_Device_Library/Core/Src/usbd_ctlreq.o
 .text.USBD_ParseSetupRequest
                0x080069de       0x72 ./Middlewares/ST/STM32_USB_Device_Library/Core/Src/usbd_ctlreq.o
                0x080069de                USBD_ParseSetupRequest
 .text.USBD_CtlError
                0x08006a50       0x22 ./Middlewares/ST/STM32_USB_Device_Library/Core/Src/usbd_ctlreq.o
                0x08006a50                USBD_CtlError
 .text.USBD_GetString
                0x08006a72       0x84 ./Middlewares/ST/STM32_USB_Device_Library/Core/Src/usbd_ctlreq.o
                0x08006a72                USBD_GetString
 .text.USBD_GetLen
                0x08006af6       0x2e ./Middlewares/ST/STM32_USB_Device_Library/Core/Src/usbd_ctlreq.o
 .text.USBD_CtlSendData
                0x08006b24       0x38 ./Middlewares/ST/STM32_USB_Device_Library/Core/Src/usbd_ioreq.o
                0x08006b24                USBD_CtlSendData
 .text.USBD_CtlContinueSendData
                0x08006b5c       0x24 ./Middlewares/ST/STM32_USB_Device_Library/Core/Src/usbd_ioreq.o
                0x08006b5c                USBD_CtlContinueSendData
 .text.USBD_CtlPrepareRx
                0x08006b80       0x3c ./Middlewares/ST/STM32_USB_Device_Library/Core/Src/usbd_ioreq.o
                0x08006b80                USBD_CtlPrepareRx
 .text.USBD_CtlContinueRx
                0x08006bbc       0x24 ./Middlewares/ST/STM32_USB_Device_Library/Core/Src/usbd_ioreq.o
                0x08006bbc                USBD_CtlContinueRx
 .text.USBD_CtlSendStatus
                0x08006be0       0x26 ./Middlewares/ST/STM32_USB_Device_Library/Core/Src/usbd_ioreq.o
                0x08006be0                USBD_CtlSendStatus
 .text.USBD_CtlReceiveStatus
                0x08006c06       0x26 ./Middlewares/ST/STM32_USB_Device_Library/Core/Src/usbd_ioreq.o
                0x08006c06                USBD_CtlReceiveStatus
 .text.MX_USB_DEVICE_Init
                0x08006c2c       0x60 ./USB_DEVICE/App/usb_device.o
                0x08006c2c                MX_USB_DEVICE_Init
 .text.CDC_Init_FS
                0x08006c8c       0x28 ./USB_DEVICE/App/usbd_cdc_if.o
 .text.CDC_DeInit_FS
                0x08006cb4        0xe ./USB_DEVICE/App/usbd_cdc_if.o
 *fill*         0x08006cc2        0x2 
 .text.CDC_Control_FS
                0x08006cc4       0xbc ./USB_DEVICE/App/usbd_cdc_if.o
 .text.CDC_Receive_FS
                0x08006d80       0x50 ./USB_DEVICE/App/usbd_cdc_if.o
 .text.USBD_FS_DeviceDescriptor
                0x08006dd0       0x24 ./USB_DEVICE/App/usbd_desc.o
                0x08006dd0                USBD_FS_DeviceDescriptor
 .text.USBD_FS_LangIDStrDescriptor
                0x08006df4       0x24 ./USB_DEVICE/App/usbd_desc.o
                0x08006df4                USBD_FS_LangIDStrDescriptor
 .text.USBD_FS_ProductStrDescriptor
                0x08006e18       0x3c ./USB_DEVICE/App/usbd_desc.o
                0x08006e18                USBD_FS_ProductStrDescriptor
 .text.USBD_FS_ManufacturerStrDescriptor
                0x08006e54       0x28 ./USB_DEVICE/App/usbd_desc.o
                0x08006e54                USBD_FS_ManufacturerStrDescriptor
 .text.USBD_FS_SerialStrDescriptor
                0x08006e7c       0x24 ./USB_DEVICE/App/usbd_desc.o
                0x08006e7c                USBD_FS_SerialStrDescriptor
 .text.USBD_FS_ConfigStrDescriptor
                0x08006ea0       0x3c ./USB_DEVICE/App/usbd_desc.o
                0x08006ea0                USBD_FS_ConfigStrDescriptor
 .text.USBD_FS_InterfaceStrDescriptor
                0x08006edc       0x3c ./USB_DEVICE/App/usbd_desc.o
                0x08006edc                USBD_FS_InterfaceStrDescriptor
 .text.Get_SerialNum
                0x08006f18       0x58 ./USB_DEVICE/App/usbd_desc.o
 .text.IntToUnicode
                0x08006f70       0x7c ./USB_DEVICE/App/usbd_desc.o
 .text.HAL_PCD_MspInit
                0x08006fec       0x4c ./USB_DEVICE/Target/usbd_conf.o
                0x08006fec                HAL_PCD_MspInit
 .text.HAL_PCD_SetupStageCallback
                0x08007038       0x24 ./USB_DEVICE/Target/usbd_conf.o
                0x08007038                HAL_PCD_SetupStageCallback
 .text.HAL_PCD_DataOutStageCallback
                0x0800705c       0x36 ./USB_DEVICE/Target/usbd_conf.o
                0x0800705c                HAL_PCD_DataOutStageCallback
 .text.HAL_PCD_DataInStageCallback
                0x08007092       0x34 ./USB_DEVICE/Target/usbd_conf.o
                0x08007092                HAL_PCD_DataInStageCallback
 .text.HAL_PCD_SOFCallback
                0x080070c6       0x1c ./USB_DEVICE/Target/usbd_conf.o
                0x080070c6                HAL_PCD_SOFCallback
 .text.HAL_PCD_ResetCallback
                0x080070e2       0x3c ./USB_DEVICE/Target/usbd_conf.o
                0x080070e2                HAL_PCD_ResetCallback
 *fill*         0x0800711e        0x2 
 .text.HAL_PCD_SuspendCallback
                0x08007120       0x34 ./USB_DEVICE/Target/usbd_conf.o
                0x08007120                HAL_PCD_SuspendCallback
 .text.HAL_PCD_ResumeCallback
                0x08007154       0x1c ./USB_DEVICE/Target/usbd_conf.o
                0x08007154                HAL_PCD_ResumeCallback
 .text.USBD_LL_Init
                0x08007170       0xb4 ./USB_DEVICE/Target/usbd_conf.o
                0x08007170                USBD_LL_Init
 .text.USBD_LL_Start
                0x08007224       0x36 ./USB_DEVICE/Target/usbd_conf.o
                0x08007224                USBD_LL_Start
 .text.USBD_LL_OpenEP
                0x0800725a       0x4c ./USB_DEVICE/Target/usbd_conf.o
                0x0800725a                USBD_LL_OpenEP
 .text.USBD_LL_CloseEP
                0x080072a6       0x3e ./USB_DEVICE/Target/usbd_conf.o
                0x080072a6                USBD_LL_CloseEP
 .text.USBD_LL_StallEP
                0x080072e4       0x3e ./USB_DEVICE/Target/usbd_conf.o
                0x080072e4                USBD_LL_StallEP
 .text.USBD_LL_ClearStallEP
                0x08007322       0x3e ./USB_DEVICE/Target/usbd_conf.o
                0x08007322                USBD_LL_ClearStallEP
 .text.USBD_LL_IsStallEP
                0x08007360       0x56 ./USB_DEVICE/Target/usbd_conf.o
                0x08007360                USBD_LL_IsStallEP
 .text.USBD_LL_SetUSBAddress
                0x080073b6       0x3e ./USB_DEVICE/Target/usbd_conf.o
                0x080073b6                USBD_LL_SetUSBAddress
 .text.USBD_LL_Transmit
                0x080073f4       0x46 ./USB_DEVICE/Target/usbd_conf.o
                0x080073f4                USBD_LL_Transmit
 .text.USBD_LL_PrepareReceive
                0x0800743a       0x46 ./USB_DEVICE/Target/usbd_conf.o
                0x0800743a                USBD_LL_PrepareReceive
 .text.USBD_LL_GetRxDataSize
                0x08007480       0x26 ./USB_DEVICE/Target/usbd_conf.o
                0x08007480                USBD_LL_GetRxDataSize
 *fill*         0x080074a6        0x2 
 .text.USBD_static_malloc
                0x080074a8       0x18 ./USB_DEVICE/Target/usbd_conf.o
                0x080074a8                USBD_static_malloc
 .text.USBD_static_free
                0x080074c0       0x12 ./USB_DEVICE/Target/usbd_conf.o
                0x080074c0                USBD_static_free
 .text.HAL_PCDEx_SetConnectionState
                0x080074d2       0x16 ./USB_DEVICE/Target/usbd_conf.o
                0x080074d2                HAL_PCDEx_SetConnectionState
 .text.USBD_Get_USB_Status
                0x080074e8       0x58 ./USB_DEVICE/Target/usbd_conf.o
 .text.atoi     0x08007540        0x8 /opt/st/stm32cubeide_1.19.0/plugins/com.st.stm32cube.ide.mcu.externaltools.gnu-tools-for-stm32.13.3.rel1.linux64_1.0.0.202410170706/tools/bin/../lib/gcc/arm-none-eabi/13.3.1/../../../../arm-none-eabi/lib/thumb/v7-m/nofp/libc_nano.a(libc_a-atoi.o)
                0x08007540                atoi
 .text._strtol_l.isra.0
                0x08007548       0xf4 /opt/st/stm32cubeide_1.19.0/plugins/com.st.stm32cube.ide.mcu.externaltools.gnu-tools-for-stm32.13.3.rel1.linux64_1.0.0.202410170706/tools/bin/../lib/gcc/arm-none-eabi/13.3.1/../../../../arm-none-eabi/lib/thumb/v7-m/nofp/libc_nano.a(libc_a-strtol.o)
 .text.strtol   0x0800763c       0x14 /opt/st/stm32cubeide_1.19.0/plugins/com.st.stm32cube.ide.mcu.externaltools.gnu-tools-for-stm32.13.3.rel1.linux64_1.0.0.202410170706/tools/bin/../lib/gcc/arm-none-eabi/13.3.1/../../../../arm-none-eabi/lib/thumb/v7-m/nofp/libc_nano.a(libc_a-strtol.o)
                0x0800763c                strtol
 .text.memset   0x08007650       0x10 /opt/st/stm32cubeide_1.19.0/plugins/com.st.stm32cube.ide.mcu.externaltools.gnu-tools-for-stm32.13.3.rel1.linux64_1.0.0.202410170706/tools/bin/../lib/gcc/arm-none-eabi/13.3.1/../../../../arm-none-eabi/lib/thumb/v7-m/nofp/libc_nano.a(libc_a-memset.o)
                0x08007650                memset
 .text.__errno  0x08007660        0xc /opt/st/stm32cubeide_1.19.0/plugins/com.st.stm32cube.ide.mcu.externaltools.gnu-tools-for-stm32.13.3.rel1.linux64_1.0.0.202410170706/tools/bin/../lib/gcc/arm-none-eabi/13.3.1/../../../../arm-none-eabi/lib/thumb/v7-m/nofp/libc_nano.a(libc_a-errno.o)
                0x08007660                __errno
 .text.__libc_init_array
                0x0800766c       0x48 /opt/st/stm32cubeide_1.19.0/plugins/com.st.stm32cube.ide.mcu.externaltools.gnu-tools-for-stm32.13.3.rel1.linux64_1.0.0.202410170706/tools/bin/../lib/gcc/arm-none-eabi/13.3.1/../../../../arm-none-eabi/lib/thumb/v7-m/nofp/libc_nano.a(libc_a-init.o)
                0x0800766c                __libc_init_array
 .text.memcpy   0x080076b4       0x1c /opt/st/stm32cubeide_1.19.0/plugins/com.st.stm32cube.ide.mcu.externaltools.gnu-tools-for-stm32.13.3.rel1.linux64_1.0.0.202410170706/tools/bin/../lib/gcc/arm-none-eabi/13.3.1/../../../../arm-none-eabi/lib/thumb/v7-m/nofp/libc_nano.a(libc_a-memcpy-stub.o)
                0x080076b4                memcpy
 *(.glue_7)
 .glue_7        0x080076d0        0x0 linker stubs
 *(.glue_7t)
 .glue_7t       0x080076d0        0x0 linker stubs
 *(.eh_frame)
 .eh_frame      0x080076d0        0x0 /opt/st/stm32cubeide_1.19.0/plugins/com.st.stm32cube.ide.mcu.externaltools.gnu-tools-for-stm32.13.3.rel1.linux64_1.0.0.202410170706/tools/bin/../lib/gcc/arm-none-eabi/13.3.1/thumb/v7-m/nofp/crtbegin.o
 *(.init)
 .init          0x080076d0        0x4 /opt/st/stm32cubeide_1.19.0/plugins/com.st.stm32cube.ide.mcu.externaltools.gnu-tools-for-stm32.13.3.rel1.linux64_1.0.0.202410170706/tools/bin/../lib/gcc/arm-none-eabi/13.3.1/thumb/v7-m/nofp/crti.o
                0x080076d0                _init
 .init          0x080076d4        0x8 /opt/st/stm32cubeide_1.19.0/plugins/com.st.stm32cube.ide.mcu.externaltools.gnu-tools-for-stm32.13.3.rel1.linux64_1.0.0.202410170706/tools/bin/../lib/gcc/arm-none-eabi/13.3.1/thumb/v7-m/nofp/crtn.o
 *(.fini)
 .fini          0x080076dc        0x4 /opt/st/stm32cubeide_1.19.0/plugins/com.st.stm32cube.ide.mcu.externaltools.gnu-tools-for-stm32.13.3.rel1.linux64_1.0.0.202410170706/tools/bin/../lib/gcc/arm-none-eabi/13.3.1/thumb/v7-m/nofp/crti.o
                0x080076dc                _fini
 .fini          0x080076e0        0x8 /opt/st/stm32cubeide_1.19.0/plugins/com.st.stm32cube.ide.mcu.externaltools.gnu-tools-for-stm32.13.3.rel1.linux64_1.0.0.202410170706/tools/bin/../lib/gcc/arm-none-eabi/13.3.1/thumb/v7-m/nofp/crtn.o
                0x080076e8                        . = ALIGN (0x4)
                0x080076e8                        _etext = .

.vfp11_veneer   0x080076e8        0x0
 .vfp11_veneer  0x080076e8        0x0 linker stubs

.v4_bx          0x080076e8        0x0
 .v4_bx         0x080076e8        0x0 linker stubs

.iplt           0x080076e8        0x0
 .iplt          0x080076e8        0x0 /opt/st/stm32cubeide_1.19.0/plugins/com.st.stm32cube.ide.mcu.externaltools.gnu-tools-for-stm32.13.3.rel1.linux64_1.0.0.202410170706/tools/bin/../lib/gcc/arm-none-eabi/13.3.1/thumb/v7-m/nofp/crtbegin.o

.rodata         0x080076e8      0x16c
                0x080076e8                        . = ALIGN (0x4)
 *(.rodata)
 .rodata        0x080076e8       0x46 ./USB_DEVICE/App/usbd_desc.o
 *(.rodata*)
 *fill*         0x0800772e        0x2 
 .rodata.AHBPrescTable
                0x08007730       0x10 ./Core/Src/system_stm32f1xx.o
                0x08007730                AHBPrescTable
 .rodata.aPLLMULFactorTable.1
                0x08007740       0x10 ./Drivers/STM32F1xx_HAL_Driver/Src/stm32f1xx_hal_rcc.o
 .rodata.aPredivFactorTable.0
                0x08007750        0x2 ./Drivers/STM32F1xx_HAL_Driver/Src/stm32f1xx_hal_rcc.o
 .rodata._ctype_
                0x08007752      0x101 /opt/st/stm32cubeide_1.19.0/plugins/com.st.stm32cube.ide.mcu.externaltools.gnu-tools-for-stm32.13.3.rel1.linux64_1.0.0.202410170706/tools/bin/../lib/gcc/arm-none-eabi/13.3.1/../../../../arm-none-eabi/lib/thumb/v7-m/nofp/libc_nano.a(libc_a-ctype_.o)
                0x08007752                _ctype_
                0x08007854                        . = ALIGN (0x4)
 *fill*         0x08007853        0x1 

.ARM.extab      0x08007854        0x0
                0x08007854                        . = ALIGN (0x4)
 *(.ARM.extab* .gnu.linkonce.armextab.*)
                0x08007854                        . = ALIGN (0x4)

.ARM            0x08007854        0x0
                0x08007854                        . = ALIGN (0x4)
                0x08007854                        __exidx_start = .
 *(.ARM.exidx*)
                0x08007854                        __exidx_end = .
                0x08007854                        . = ALIGN (0x4)

.preinit_array  0x08007854        0x0
                0x08007854                        . = ALIGN (0x4)
                0x08007854                        PROVIDE (__preinit_array_start = .)
 *(.preinit_array*)
                0x08007854                        PROVIDE (__preinit_array_end = .)
                0x08007854                        . = ALIGN (0x4)

.init_array     0x08007854        0x4
                0x08007854                        . = ALIGN (0x4)
                0x08007854                        PROVIDE (__init_array_start = .)
 *(SORT_BY_NAME(.init_array.*))
 *(.init_array*)
 .init_array    0x08007854        0x4 /opt/st/stm32cubeide_1.19.0/plugins/com.st.stm32cube.ide.mcu.externaltools.gnu-tools-for-stm32.13.3.rel1.linux64_1.0.0.202410170706/tools/bin/../lib/gcc/arm-none-eabi/13.3.1/thumb/v7-m/nofp/crtbegin.o
                0x08007858                        PROVIDE (__init_array_end = .)
                0x08007858                        . = ALIGN (0x4)

.fini_array     0x08007858        0x4
                0x08007858                        . = ALIGN (0x4)
                [!provide]                        PROVIDE (__fini_array_start = .)
 *(SORT_BY_NAME(.fini_array.*))
 *(.fini_array*)
 .fini_array    0x08007858        0x4 /opt/st/stm32cubeide_1.19.0/plugins/com.st.stm32cube.ide.mcu.externaltools.gnu-tools-for-stm32.13.3.rel1.linux64_1.0.0.202410170706/tools/bin/../lib/gcc/arm-none-eabi/13.3.1/thumb/v7-m/nofp/crtbegin.o
                [!provide]                        PROVIDE (__fini_array_end = .)
                0x0800785c                        . = ALIGN (0x4)
                0x0800785c                        _sidata = LOADADDR (.data)

.rel.dyn        0x0800785c        0x0
 .rel.iplt      0x0800785c        0x0 /opt/st/stm32cubeide_1.19.0/plugins/com.st.stm32cube.ide.mcu.externaltools.gnu-tools-for-stm32.13.3.rel1.linux64_1.0.0.202410170706/tools/bin/../lib/gcc/arm-none-eabi/13.3.1/thumb/v7-m/nofp/crtbegin.o

.data           0x20000000      0x1cc load address 0x0800785c
                0x20000000                        . = ALIGN (0x4)
                0x20000000                        _sdata = .
 *(.data)
 *(.data*)
 .data.SystemCoreClock
                0x20000000        0x4 ./Core/Src/system_stm32f1xx.o
                0x20000000                SystemCoreClock
 .data.uwTickPrio
                0x20000004        0x4 ./Drivers/STM32F1xx_HAL_Driver/Src/stm32f1xx_hal.o
                0x20000004                uwTickPrio
 .data.uwTickFreq
                0x20000008        0x1 ./Drivers/STM32F1xx_HAL_Driver/Src/stm32f1xx_hal.o
                0x20000008                uwTickFreq
 *fill*         0x20000009        0x3 
 .data.USBD_CDC_DeviceQualifierDesc
                0x2000000c        0xa ./Middlewares/ST/STM32_USB_Device_Library/Class/CDC/Src/usbd_cdc.o
 *fill*         0x20000016        0x2 
 .data.USBD_CDC
                0x20000018       0x38 ./Middlewares/ST/STM32_USB_Device_Library/Class/CDC/Src/usbd_cdc.o
                0x20000018                USBD_CDC
 .data.USBD_CDC_CfgHSDesc
                0x20000050       0x43 ./Middlewares/ST/STM32_USB_Device_Library/Class/CDC/Src/usbd_cdc.o
                0x20000050                USBD_CDC_CfgHSDesc
 *fill*         0x20000093        0x1 
 .data.USBD_CDC_CfgFSDesc
                0x20000094       0x43 ./Middlewares/ST/STM32_USB_Device_Library/Class/CDC/Src/usbd_cdc.o
                0x20000094                USBD_CDC_CfgFSDesc
 *fill*         0x200000d7        0x1 
 .data.USBD_CDC_OtherSpeedCfgDesc
                0x200000d8       0x43 ./Middlewares/ST/STM32_USB_Device_Library/Class/CDC/Src/usbd_cdc.o
                0x200000d8                USBD_CDC_OtherSpeedCfgDesc
 *fill*         0x2000011b        0x1 
 .data.USBD_Interface_fops_FS
                0x2000011c       0x10 ./USB_DEVICE/App/usbd_cdc_if.o
                0x2000011c                USBD_Interface_fops_FS
 .data.FS_Desc  0x2000012c       0x1c ./USB_DEVICE/App/usbd_desc.o
                0x2000012c                FS_Desc
 .data.USBD_FS_DeviceDesc
                0x20000148       0x12 ./USB_DEVICE/App/usbd_desc.o
                0x20000148                USBD_FS_DeviceDesc
 *fill*         0x2000015a        0x2 
 .data.USBD_LangIDDesc
                0x2000015c        0x4 ./USB_DEVICE/App/usbd_desc.o
                0x2000015c                USBD_LangIDDesc
 .data.USBD_StringSerial
                0x20000160       0x1a ./USB_DEVICE/App/usbd_desc.o
                0x20000160                USBD_StringSerial
 *fill*         0x2000017a        0x2 
 .data._impure_ptr
                0x2000017c        0x4 /opt/st/stm32cubeide_1.19.0/plugins/com.st.stm32cube.ide.mcu.externaltools.gnu-tools-for-stm32.13.3.rel1.linux64_1.0.0.202410170706/tools/bin/../lib/gcc/arm-none-eabi/13.3.1/../../../../arm-none-eabi/lib/thumb/v7-m/nofp/libc_nano.a(libc_a-impure.o)
                0x2000017c                _impure_ptr
 .data._impure_data
                0x20000180       0x4c /opt/st/stm32cubeide_1.19.0/plugins/com.st.stm32cube.ide.mcu.externaltools.gnu-tools-for-stm32.13.3.rel1.linux64_1.0.0.202410170706/tools/bin/../lib/gcc/arm-none-eabi/13.3.1/../../../../arm-none-eabi/lib/thumb/v7-m/nofp/libc_nano.a(libc_a-impure.o)
                0x20000180                _impure_data
 *(.RamFunc)
 *(.RamFunc*)
                0x200001cc                        . = ALIGN (0x4)
                0x200001cc                        _edata = .

.igot.plt       0x200001cc        0x0 load address 0x08007a28
 .igot.plt      0x200001cc        0x0 /opt/st/stm32cubeide_1.19.0/plugins/com.st.stm32cube.ide.mcu.externaltools.gnu-tools-for-stm32.13.3.rel1.linux64_1.0.0.202410170706/tools/bin/../lib/gcc/arm-none-eabi/13.3.1/thumb/v7-m/nofp/crtbegin.o
                0x200001cc                        . = ALIGN (0x4)

.bss            0x200001cc     0x1420 load address 0x08007a28
                0x200001cc                        _sbss = .
                0x200001cc                        __bss_start__ = _sbss
 *(.bss)
 .bss           0x200001cc       0x1c /opt/st/stm32cubeide_1.19.0/plugins/com.st.stm32cube.ide.mcu.externaltools.gnu-tools-for-stm32.13.3.rel1.linux64_1.0.0.202410170706/tools/bin/../lib/gcc/arm-none-eabi/13.3.1/thumb/v7-m/nofp/crtbegin.o
 *(.bss*)
 .bss.uwTick    0x200001e8        0x4 ./Drivers/STM32F1xx_HAL_Driver/Src/stm32f1xx_hal.o
                0x200001e8                uwTick
 .bss.cfgidx.0  0x200001ec        0x1 ./Middlewares/ST/STM32_USB_Device_Library/Core/Src/usbd_ctlreq.o
 *fill*         0x200001ed        0x3 
 .bss.hUsbDeviceFS
                0x200001f0      0x2c4 ./USB_DEVICE/App/usb_device.o
                0x200001f0                hUsbDeviceFS
 .bss.UserRxBufferFS
                0x200004b4      0x400 ./USB_DEVICE/App/usbd_cdc_if.o
                0x200004b4                UserRxBufferFS
 .bss.UserTxBufferFS
                0x200008b4      0x400 ./USB_DEVICE/App/usbd_cdc_if.o
                0x200008b4                UserTxBufferFS
 .bss.USB_Rx_Buffer
                0x20000cb4       0xff ./USB_DEVICE/App/usbd_cdc_if.o
                0x20000cb4                USB_Rx_Buffer
 *fill*         0x20000db3        0x1 
 .bss.USB_Rx_Buffer_Size
                0x20000db4        0x4 ./USB_DEVICE/App/usbd_cdc_if.o
                0x20000db4                USB_Rx_Buffer_Size
 .bss.USB_Rx_Ready
                0x20000db8        0x4 ./USB_DEVICE/App/usbd_cdc_if.o
                0x20000db8                USB_Rx_Ready
 .bss.USBD_StrDesc
                0x20000dbc      0x200 ./USB_DEVICE/App/usbd_desc.o
                0x20000dbc                USBD_StrDesc
 .bss.hpcd_USB_FS
                0x20000fbc      0x2d8 ./USB_DEVICE/Target/usbd_conf.o
                0x20000fbc                hpcd_USB_FS
 .bss.mem.0     0x20001294      0x220 ./USB_DEVICE/Target/usbd_conf.o
 .bss.__sf      0x200014b4      0x138 /opt/st/stm32cubeide_1.19.0/plugins/com.st.stm32cube.ide.mcu.externaltools.gnu-tools-for-stm32.13.3.rel1.linux64_1.0.0.202410170706/tools/bin/../lib/gcc/arm-none-eabi/13.3.1/../../../../arm-none-eabi/lib/thumb/v7-m/nofp/libc_nano.a(libc_a-findfp.o)
                0x200014b4                __sf
 *(COMMON)
                0x200015ec                        . = ALIGN (0x4)
                0x200015ec                        _ebss = .
                0x200015ec                        __bss_end__ = _ebss

._user_heap_stack
                0x200015ec      0x604 load address 0x08007a28
                0x200015f0                        . = ALIGN (0x8)
 *fill*         0x200015ec        0x4 
                [!provide]                        PROVIDE (end = .)
                0x200015f0                        PROVIDE (_end = .)
                0x200017f0                        . = (. + _Min_Heap_Size)
 *fill*         0x200015f0      0x200 
                0x20001bf0                        . = (. + _Min_Stack_Size)
 *fill*         0x200017f0      0x400 
                0x20001bf0                        . = ALIGN (0x8)

/DISCARD/
 libc.a(*)
 libm.a(*)
 libgcc.a(*)

.ARM.attributes
                0x00000000       0x29
 *(.ARM.attributes)
 .ARM.attributes
                0x00000000       0x1d /opt/st/stm32cubeide_1.19.0/plugins/com.st.stm32cube.ide.mcu.externaltools.gnu-tools-for-stm32.13.3.rel1.linux64_1.0.0.202410170706/tools/bin/../lib/gcc/arm-none-eabi/13.3.1/thumb/v7-m/nofp/crti.o
 .ARM.attributes
                0x0000001d       0x2d /opt/st/stm32cubeide_1.19.0/plugins/com.st.stm32cube.ide.mcu.externaltools.gnu-tools-for-stm32.13.3.rel1.linux64_1.0.0.202410170706/tools/bin/../lib/gcc/arm-none-eabi/13.3.1/thumb/v7-m/nofp/crtbegin.o
 .ARM.attributes
                0x0000004a       0x2d ./Core/Src/main.o
 .ARM.attributes
                0x00000077       0x2d ./Core/Src/stm32f1xx_hal_msp.o
 .ARM.attributes
                0x000000a4       0x2d ./Core/Src/stm32f1xx_it.o
 .ARM.attributes
                0x000000d1       0x2d ./Core/Src/system_stm32f1xx.o
 .ARM.attributes
                0x000000fe       0x21 ./Core/Startup/startup_stm32f103c8tx.o
 .ARM.attributes
                0x0000011f       0x2d ./Drivers/STM32F1xx_HAL_Driver/Src/stm32f1xx_hal.o
 .ARM.attributes
                0x0000014c       0x2d ./Drivers/STM32F1xx_HAL_Driver/Src/stm32f1xx_hal_cortex.o
 .ARM.attributes
                0x00000179       0x2d ./Drivers/STM32F1xx_HAL_Driver/Src/stm32f1xx_hal_gpio.o
 .ARM.attributes
                0x000001a6       0x2d ./Drivers/STM32F1xx_HAL_Driver/Src/stm32f1xx_hal_pcd.o
 .ARM.attributes
                0x000001d3       0x2d ./Drivers/STM32F1xx_HAL_Driver/Src/stm32f1xx_hal_pcd_ex.o
 .ARM.attributes
                0x00000200       0x2d ./Drivers/STM32F1xx_HAL_Driver/Src/stm32f1xx_hal_rcc.o
 .ARM.attributes
                0x0000022d       0x2d ./Drivers/STM32F1xx_HAL_Driver/Src/stm32f1xx_hal_rcc_ex.o
 .ARM.attributes
                0x0000025a       0x2d ./Drivers/STM32F1xx_HAL_Driver/Src/stm32f1xx_ll_usb.o
 .ARM.attributes
                0x00000287       0x2d ./Middlewares/ST/STM32_USB_Device_Library/Class/CDC/Src/usbd_cdc.o
 .ARM.attributes
                0x000002b4       0x2d ./Middlewares/ST/STM32_USB_Device_Library/Core/Src/usbd_core.o
 .ARM.attributes
                0x000002e1       0x2d ./Middlewares/ST/STM32_USB_Device_Library/Core/Src/usbd_ctlreq.o
 .ARM.attributes
                0x0000030e       0x2d ./Middlewares/ST/STM32_USB_Device_Library/Core/Src/usbd_ioreq.o
 .ARM.attributes
                0x0000033b       0x2d ./USB_DEVICE/App/usb_device.o
 .ARM.attributes
                0x00000368       0x2d ./USB_DEVICE/App/usbd_cdc_if.o
 .ARM.attributes
                0x00000395       0x2d ./USB_DEVICE/App/usbd_desc.o
 .ARM.attributes
                0x000003c2       0x2d ./USB_DEVICE/Target/usbd_conf.o
 .ARM.attributes
                0x000003ef       0x2d /opt/st/stm32cubeide_1.19.0/plugins/com.st.stm32cube.ide.mcu.externaltools.gnu-tools-for-stm32.13.3.rel1.linux64_1.0.0.202410170706/tools/bin/../lib/gcc/arm-none-eabi/13.3.1/../../../../arm-none-eabi/lib/thumb/v7-m/nofp/libc_nano.a(libc_a-atoi.o)
 .ARM.attributes
                0x0000041c       0x2d /opt/st/stm32cubeide_1.19.0/plugins/com.st.stm32cube.ide.mcu.externaltools.gnu-tools-for-stm32.13.3.rel1.linux64_1.0.0.202410170706/tools/bin/../lib/gcc/arm-none-eabi/13.3.1/../../../../arm-none-eabi/lib/thumb/v7-m/nofp/libc_nano.a(libc_a-strtol.o)
 .ARM.attributes
                0x00000449       0x2d /opt/st/stm32cubeide_1.19.0/plugins/com.st.stm32cube.ide.mcu.externaltools.gnu-tools-for-stm32.13.3.rel1.linux64_1.0.0.202410170706/tools/bin/../lib/gcc/arm-none-eabi/13.3.1/../../../../arm-none-eabi/lib/thumb/v7-m/nofp/libc_nano.a(libc_a-ctype_.o)
 .ARM.attributes
                0x00000476       0x2d /opt/st/stm32cubeide_1.19.0/plugins/com.st.stm32cube.ide.mcu.externaltools.gnu-tools-for-stm32.13.3.rel1.linux64_1.0.0.202410170706/tools/bin/../lib/gcc/arm-none-eabi/13.3.1/../../../../arm-none-eabi/lib/thumb/v7-m/nofp/libc_nano.a(libc_a-findfp.o)
 .ARM.attributes
                0x000004a3       0x2d /opt/st/stm32cubeide_1.19.0/plugins/com.st.stm32cube.ide.mcu.externaltools.gnu-tools-for-stm32.13.3.rel1.linux64_1.0.0.202410170706/tools/bin/../lib/gcc/arm-none-eabi/13.3.1/../../../../arm-none-eabi/lib/thumb/v7-m/nofp/libc_nano.a(libc_a-memset.o)
 .ARM.attributes
                0x000004d0       0x2d /opt/st/stm32cubeide_1.19.0/plugins/com.st.stm32cube.ide.mcu.externaltools.gnu-tools-for-stm32.13.3.rel1.linux64_1.0.0.202410170706/tools/bin/../lib/gcc/arm-none-eabi/13.3.1/../../../../arm-none-eabi/lib/thumb/v7-m/nofp/libc_nano.a(libc_a-impure.o)
 .ARM.attributes
                0x000004fd       0x2d /opt/st/stm32cubeide_1.19.0/plugins/com.st.stm32cube.ide.mcu.externaltools.gnu-tools-for-stm32.13.3.rel1.linux64_1.0.0.202410170706/tools/bin/../lib/gcc/arm-none-eabi/13.3.1/../../../../arm-none-eabi/lib/thumb/v7-m/nofp/libc_nano.a(libc_a-errno.o)
 .ARM.attributes
                0x0000052a       0x2d /opt/st/stm32cubeide_1.19.0/plugins/com.st.stm32cube.ide.mcu.externaltools.gnu-tools-for-stm32.13.3.rel1.linux64_1.0.0.202410170706/tools/bin/../lib/gcc/arm-none-eabi/13.3.1/../../../../arm-none-eabi/lib/thumb/v7-m/nofp/libc_nano.a(libc_a-init.o)
 .ARM.attributes
                0x00000557       0x2d /opt/st/stm32cubeide_1.19.0/plugins/com.st.stm32cube.ide.mcu.externaltools.gnu-tools-for-stm32.13.3.rel1.linux64_1.0.0.202410170706/tools/bin/../lib/gcc/arm-none-eabi/13.3.1/../../../../arm-none-eabi/lib/thumb/v7-m/nofp/libc_nano.a(libc_a-memcpy-stub.o)
 .ARM.attributes
                0x00000584       0x1d /opt/st/stm32cubeide_1.19.0/plugins/com.st.stm32cube.ide.mcu.externaltools.gnu-tools-for-stm32.13.3.rel1.linux64_1.0.0.202410170706/tools/bin/../lib/gcc/arm-none-eabi/13.3.1/thumb/v7-m/nofp/crtn.o
OUTPUT(STM32-CommandParser-USB.elf elf32-littlearm)
LOAD linker stubs
LOAD /opt/st/stm32cubeide_1.19.0/plugins/com.st.stm32cube.ide.mcu.externaltools.gnu-tools-for-stm32.13.3.rel1.linux64_1.0.0.202410170706/tools/bin/../lib/gcc/arm-none-eabi/13.3.1/../../../../arm-none-eabi/lib/thumb/v7-m/nofp/libc.a
LOAD /opt/st/stm32cubeide_1.19.0/plugins/com.st.stm32cube.ide.mcu.externaltools.gnu-tools-for-stm32.13.3.rel1.linux64_1.0.0.202410170706/tools/bin/../lib/gcc/arm-none-eabi/13.3.1/../../../../arm-none-eabi/lib/thumb/v7-m/nofp/libm.a
LOAD /opt/st/stm32cubeide_1.19.0/plugins/com.st.stm32cube.ide.mcu.externaltools.gnu-tools-for-stm32.13.3.rel1.linux64_1.0.0.202410170706/tools/bin/../lib/gcc/arm-none-eabi/13.3.1/thumb/v7-m/nofp/libgcc.a

.debug_info     0x00000000     0xbdd4
 .debug_info    0x00000000      0x5bb ./Core/Src/main.o
 .debug_info    0x000005bb      0x1f1 ./Core/Src/stm32f1xx_hal_msp.o
 .debug_info    0x000007ac      0x602 ./Core/Src/stm32f1xx_it.o
 .debug_info    0x00000dae      0x222 ./Core/Src/system_stm32f1xx.o
 .debug_info    0x00000fd0       0x30 ./Core/Startup/startup_stm32f103c8tx.o
 .debug_info    0x00001000      0x704 ./Drivers/STM32F1xx_HAL_Driver/Src/stm32f1xx_hal.o
 .debug_info    0x00001704      0xa87 ./Drivers/STM32F1xx_HAL_Driver/Src/stm32f1xx_hal_cortex.o
 .debug_info    0x0000218b      0x5ab ./Drivers/STM32F1xx_HAL_Driver/Src/stm32f1xx_hal_gpio.o
 .debug_info    0x00002736     0x16dc ./Drivers/STM32F1xx_HAL_Driver/Src/stm32f1xx_hal_pcd.o
 .debug_info    0x00003e12      0x6c3 ./Drivers/STM32F1xx_HAL_Driver/Src/stm32f1xx_hal_pcd_ex.o
 .debug_info    0x000044d5      0x7d5 ./Drivers/STM32F1xx_HAL_Driver/Src/stm32f1xx_hal_rcc.o
 .debug_info    0x00004caa      0x3c0 ./Drivers/STM32F1xx_HAL_Driver/Src/stm32f1xx_hal_rcc_ex.o
 .debug_info    0x0000506a     0x17ae ./Drivers/STM32F1xx_HAL_Driver/Src/stm32f1xx_ll_usb.o
 .debug_info    0x00006818     0x1043 ./Middlewares/ST/STM32_USB_Device_Library/Class/CDC/Src/usbd_cdc.o
 .debug_info    0x0000785b      0xa52 ./Middlewares/ST/STM32_USB_Device_Library/Core/Src/usbd_core.o
 .debug_info    0x000082ad      0x91c ./Middlewares/ST/STM32_USB_Device_Library/Core/Src/usbd_ctlreq.o
 .debug_info    0x00008bc9      0x6a0 ./Middlewares/ST/STM32_USB_Device_Library/Core/Src/usbd_ioreq.o
 .debug_info    0x00009269      0x63d ./USB_DEVICE/App/usb_device.o
 .debug_info    0x000098a6      0x880 ./USB_DEVICE/App/usbd_cdc_if.o
 .debug_info    0x0000a126      0x44a ./USB_DEVICE/App/usbd_desc.o
 .debug_info    0x0000a570     0x1864 ./USB_DEVICE/Target/usbd_conf.o

.debug_abbrev   0x00000000     0x2970
 .debug_abbrev  0x00000000      0x248 ./Core/Src/main.o
 .debug_abbrev  0x00000248       0xdb ./Core/Src/stm32f1xx_hal_msp.o
 .debug_abbrev  0x00000323      0x192 ./Core/Src/stm32f1xx_it.o
 .debug_abbrev  0x000004b5      0x13f ./Core/Src/system_stm32f1xx.o
 .debug_abbrev  0x000005f4       0x24 ./Core/Startup/startup_stm32f103c8tx.o
 .debug_abbrev  0x00000618      0x201 ./Drivers/STM32F1xx_HAL_Driver/Src/stm32f1xx_hal.o
 .debug_abbrev  0x00000819      0x2f8 ./Drivers/STM32F1xx_HAL_Driver/Src/stm32f1xx_hal_cortex.o
 .debug_abbrev  0x00000b11      0x1ca ./Drivers/STM32F1xx_HAL_Driver/Src/stm32f1xx_hal_gpio.o
 .debug_abbrev  0x00000cdb      0x2d6 ./Drivers/STM32F1xx_HAL_Driver/Src/stm32f1xx_hal_pcd.o
 .debug_abbrev  0x00000fb1      0x189 ./Drivers/STM32F1xx_HAL_Driver/Src/stm32f1xx_hal_pcd_ex.o
 .debug_abbrev  0x0000113a      0x2b3 ./Drivers/STM32F1xx_HAL_Driver/Src/stm32f1xx_hal_rcc.o
 .debug_abbrev  0x000013ed      0x188 ./Drivers/STM32F1xx_HAL_Driver/Src/stm32f1xx_hal_rcc_ex.o
 .debug_abbrev  0x00001575      0x1de ./Drivers/STM32F1xx_HAL_Driver/Src/stm32f1xx_ll_usb.o
 .debug_abbrev  0x00001753      0x2d3 ./Middlewares/ST/STM32_USB_Device_Library/Class/CDC/Src/usbd_cdc.o
 .debug_abbrev  0x00001a26      0x24a ./Middlewares/ST/STM32_USB_Device_Library/Core/Src/usbd_core.o
 .debug_abbrev  0x00001c70      0x26b ./Middlewares/ST/STM32_USB_Device_Library/Core/Src/usbd_ctlreq.o
 .debug_abbrev  0x00001edb      0x192 ./Middlewares/ST/STM32_USB_Device_Library/Core/Src/usbd_ioreq.o
 .debug_abbrev  0x0000206d      0x18d ./USB_DEVICE/App/usb_device.o
 .debug_abbrev  0x000021fa      0x261 ./USB_DEVICE/App/usbd_cdc_if.o
 .debug_abbrev  0x0000245b      0x1ff ./USB_DEVICE/App/usbd_desc.o
 .debug_abbrev  0x0000265a      0x316 ./USB_DEVICE/Target/usbd_conf.o

.debug_aranges  0x00000000      0xa70
 .debug_aranges
                0x00000000       0x38 ./Core/Src/main.o
 .debug_aranges
                0x00000038       0x20 ./Core/Src/stm32f1xx_hal_msp.o
 .debug_aranges
                0x00000058       0x68 ./Core/Src/stm32f1xx_it.o
 .debug_aranges
                0x000000c0       0x28 ./Core/Src/system_stm32f1xx.o
 .debug_aranges
                0x000000e8       0x28 ./Core/Startup/startup_stm32f103c8tx.o
 .debug_aranges
                0x00000110       0xe0 ./Drivers/STM32F1xx_HAL_Driver/Src/stm32f1xx_hal.o
 .debug_aranges
                0x000001f0      0x100 ./Drivers/STM32F1xx_HAL_Driver/Src/stm32f1xx_hal_cortex.o
 .debug_aranges
                0x000002f0       0x58 ./Drivers/STM32F1xx_HAL_Driver/Src/stm32f1xx_hal_gpio.o
 .debug_aranges
                0x00000348      0x140 ./Drivers/STM32F1xx_HAL_Driver/Src/stm32f1xx_hal_pcd.o
 .debug_aranges
                0x00000488       0x38 ./Drivers/STM32F1xx_HAL_Driver/Src/stm32f1xx_hal_pcd_ex.o
 .debug_aranges
                0x000004c0       0x90 ./Drivers/STM32F1xx_HAL_Driver/Src/stm32f1xx_hal_rcc.o
 .debug_aranges
                0x00000550       0x30 ./Drivers/STM32F1xx_HAL_Driver/Src/stm32f1xx_hal_rcc_ex.o
 .debug_aranges
                0x00000580       0xf8 ./Drivers/STM32F1xx_HAL_Driver/Src/stm32f1xx_ll_usb.o
 .debug_aranges
                0x00000678       0x90 ./Middlewares/ST/STM32_USB_Device_Library/Class/CDC/Src/usbd_cdc.o
 .debug_aranges
                0x00000708       0xb8 ./Middlewares/ST/STM32_USB_Device_Library/Core/Src/usbd_core.o
 .debug_aranges
                0x000007c0       0x88 ./Middlewares/ST/STM32_USB_Device_Library/Core/Src/usbd_ctlreq.o
 .debug_aranges
                0x00000848       0x50 ./Middlewares/ST/STM32_USB_Device_Library/Core/Src/usbd_ioreq.o
 .debug_aranges
                0x00000898       0x20 ./USB_DEVICE/App/usb_device.o
 .debug_aranges
                0x000008b8       0x40 ./USB_DEVICE/App/usbd_cdc_if.o
 .debug_aranges
                0x000008f8       0x60 ./USB_DEVICE/App/usbd_desc.o
 .debug_aranges
                0x00000958      0x118 ./USB_DEVICE/Target/usbd_conf.o

.debug_rnglists
                0x00000000      0x79a
 .debug_rnglists
                0x00000000       0x28 ./Core/Src/main.o
 .debug_rnglists
                0x00000028       0x13 ./Core/Src/stm32f1xx_hal_msp.o
 .debug_rnglists
                0x0000003b       0x49 ./Core/Src/stm32f1xx_it.o
 .debug_rnglists
                0x00000084       0x1a ./Core/Src/system_stm32f1xx.o
 .debug_rnglists
                0x0000009e       0x19 ./Core/Startup/startup_stm32f103c8tx.o
 .debug_rnglists
                0x000000b7       0xa3 ./Drivers/STM32F1xx_HAL_Driver/Src/stm32f1xx_hal.o
 .debug_rnglists
                0x0000015a       0xbb ./Drivers/STM32F1xx_HAL_Driver/Src/stm32f1xx_hal_cortex.o
 .debug_rnglists
                0x00000215       0x3f ./Drivers/STM32F1xx_HAL_Driver/Src/stm32f1xx_hal_gpio.o
 .debug_rnglists
                0x00000254       0xf4 ./Drivers/STM32F1xx_HAL_Driver/Src/stm32f1xx_hal_pcd.o
 .debug_rnglists
                0x00000348       0x26 ./Drivers/STM32F1xx_HAL_Driver/Src/stm32f1xx_hal_pcd_ex.o
 .debug_rnglists
                0x0000036e       0x6c ./Drivers/STM32F1xx_HAL_Driver/Src/stm32f1xx_hal_rcc.o
 .debug_rnglists
                0x000003da       0x21 ./Drivers/STM32F1xx_HAL_Driver/Src/stm32f1xx_hal_rcc_ex.o
 .debug_rnglists
                0x000003fb       0xbd ./Drivers/STM32F1xx_HAL_Driver/Src/stm32f1xx_ll_usb.o
 .debug_rnglists
                0x000004b8       0x6a ./Middlewares/ST/STM32_USB_Device_Library/Class/CDC/Src/usbd_cdc.o
 .debug_rnglists
                0x00000522       0x89 ./Middlewares/ST/STM32_USB_Device_Library/Core/Src/usbd_core.o
 .debug_rnglists
                0x000005ab       0x68 ./Middlewares/ST/STM32_USB_Device_Library/Core/Src/usbd_ctlreq.o
 .debug_rnglists
                0x00000613       0x37 ./Middlewares/ST/STM32_USB_Device_Library/Core/Src/usbd_ioreq.o
 .debug_rnglists
                0x0000064a       0x13 ./USB_DEVICE/App/usb_device.o
 .debug_rnglists
                0x0000065d       0x2c ./USB_DEVICE/App/usbd_cdc_if.o
 .debug_rnglists
                0x00000689       0x43 ./USB_DEVICE/App/usbd_desc.o
 .debug_rnglists
                0x000006cc       0xce ./USB_DEVICE/Target/usbd_conf.o

.debug_macro    0x00000000    0x19162
 .debug_macro   0x00000000      0x365 ./Core/Src/main.o
 .debug_macro   0x00000365      0xacc ./Core/Src/main.o
 .debug_macro   0x00000e31      0x215 ./Core/Src/main.o
 .debug_macro   0x00001046       0x2e ./Core/Src/main.o
 .debug_macro   0x00001074       0x22 ./Core/Src/main.o
 .debug_macro   0x00001096       0x22 ./Core/Src/main.o
 .debug_macro   0x000010b8       0x8e ./Core/Src/main.o
 .debug_macro   0x00001146       0x51 ./Core/Src/main.o
 .debug_macro   0x00001197      0x103 ./Core/Src/main.o
 .debug_macro   0x0000129a       0x6a ./Core/Src/main.o
 .debug_macro   0x00001304      0x1df ./Core/Src/main.o
 .debug_macro   0x000014e3       0x1c ./Core/Src/main.o
 .debug_macro   0x000014ff       0x22 ./Core/Src/main.o
 .debug_macro   0x00001521       0xbd ./Core/Src/main.o
 .debug_macro   0x000015de      0xd23 ./Core/Src/main.o
 .debug_macro   0x00002301     0xe09e ./Core/Src/main.o
 .debug_macro   0x0001039f       0x6d ./Core/Src/main.o
 .debug_macro   0x0001040c     0x34a2 ./Core/Src/main.o
 .debug_macro   0x000138ae      0x190 ./Core/Src/main.o
 .debug_macro   0x00013a3e       0x5c ./Core/Src/main.o
 .debug_macro   0x00013a9a      0x5bc ./Core/Src/main.o
 .debug_macro   0x00014056      0x289 ./Core/Src/main.o
 .debug_macro   0x000142df      0x1cb ./Core/Src/main.o
 .debug_macro   0x000144aa      0x114 ./Core/Src/main.o
 .debug_macro   0x000145be      0x1b2 ./Core/Src/main.o
 .debug_macro   0x00014770       0x27 ./Core/Src/main.o
 .debug_macro   0x00014797      0x136 ./Core/Src/main.o
 .debug_macro   0x000148cd      0x1bc ./Core/Src/main.o
 .debug_macro   0x00014a89       0x34 ./Core/Src/main.o
 .debug_macro   0x00014abd       0x3c ./Core/Src/main.o
 .debug_macro   0x00014af9       0x57 ./Core/Src/main.o
 .debug_macro   0x00014b50       0x87 ./Core/Src/main.o
 .debug_macro   0x00014bd7      0x240 ./Core/Src/main.o
 .debug_macro   0x00014e17      0x140 ./Core/Src/main.o
 .debug_macro   0x00014f57       0xb7 ./Core/Src/main.o
 .debug_macro   0x0001500e      0x242 ./Core/Src/main.o
 .debug_macro   0x00015250       0x83 ./Core/Src/main.o
 .debug_macro   0x000152d3       0x28 ./Core/Src/main.o
 .debug_macro   0x000152fb       0x61 ./Core/Src/main.o
 .debug_macro   0x0001535c       0x24 ./Core/Src/main.o
 .debug_macro   0x00015380       0x43 ./Core/Src/main.o
 .debug_macro   0x000153c3       0x34 ./Core/Src/main.o
 .debug_macro   0x000153f7       0x16 ./Core/Src/main.o
 .debug_macro   0x0001540d       0x3c ./Core/Src/main.o
 .debug_macro   0x00015449      0x370 ./Core/Src/main.o
 .debug_macro   0x000157b9       0x10 ./Core/Src/main.o
 .debug_macro   0x000157c9       0x16 ./Core/Src/main.o
 .debug_macro   0x000157df       0x4a ./Core/Src/main.o
 .debug_macro   0x00015829       0x34 ./Core/Src/main.o
 .debug_macro   0x0001585d       0x10 ./Core/Src/main.o
 .debug_macro   0x0001586d       0x58 ./Core/Src/main.o
 .debug_macro   0x000158c5       0x8e ./Core/Src/main.o
 .debug_macro   0x00015953       0x1c ./Core/Src/main.o
 .debug_macro   0x0001596f      0x185 ./Core/Src/main.o
 .debug_macro   0x00015af4       0x16 ./Core/Src/main.o
 .debug_macro   0x00015b0a       0x16 ./Core/Src/main.o
 .debug_macro   0x00015b20      0x146 ./Core/Src/main.o
 .debug_macro   0x00015c66       0x16 ./Core/Src/main.o
 .debug_macro   0x00015c7c       0x16 ./Core/Src/main.o
 .debug_macro   0x00015c92       0x29 ./Core/Src/main.o
 .debug_macro   0x00015cbb       0x16 ./Core/Src/main.o
 .debug_macro   0x00015cd1       0x20 ./Core/Src/main.o
 .debug_macro   0x00015cf1       0x5f ./Core/Src/main.o
 .debug_macro   0x00015d50      0x1c8 ./Core/Src/main.o
 .debug_macro   0x00015f18       0x8f ./Core/Src/main.o
 .debug_macro   0x00015fa7       0x10 ./Core/Src/main.o
 .debug_macro   0x00015fb7      0x1b7 ./Core/Src/stm32f1xx_hal_msp.o
 .debug_macro   0x0001616e      0x1c1 ./Core/Src/stm32f1xx_it.o
 .debug_macro   0x0001632f      0x1a8 ./Core/Src/system_stm32f1xx.o
 .debug_macro   0x000164d7      0x1cc ./Drivers/STM32F1xx_HAL_Driver/Src/stm32f1xx_hal.o
 .debug_macro   0x000166a3      0x1a8 ./Drivers/STM32F1xx_HAL_Driver/Src/stm32f1xx_hal_cortex.o
 .debug_macro   0x0001684b      0x213 ./Drivers/STM32F1xx_HAL_Driver/Src/stm32f1xx_hal_gpio.o
 .debug_macro   0x00016a5e      0x1b4 ./Drivers/STM32F1xx_HAL_Driver/Src/stm32f1xx_hal_pcd.o
 .debug_macro   0x00016c12      0x1a8 ./Drivers/STM32F1xx_HAL_Driver/Src/stm32f1xx_hal_pcd_ex.o
 .debug_macro   0x00016dba      0x1ba ./Drivers/STM32F1xx_HAL_Driver/Src/stm32f1xx_hal_rcc.o
 .debug_macro   0x00016f74      0x1a8 ./Drivers/STM32F1xx_HAL_Driver/Src/stm32f1xx_hal_rcc_ex.o
 .debug_macro   0x0001711c      0x1a8 ./Drivers/STM32F1xx_HAL_Driver/Src/stm32f1xx_ll_usb.o
 .debug_macro   0x000172c4      0x346 ./Middlewares/ST/STM32_USB_Device_Library/Class/CDC/Src/usbd_cdc.o
 .debug_macro   0x0001760a       0x9e ./Middlewares/ST/STM32_USB_Device_Library/Class/CDC/Src/usbd_cdc.o
 .debug_macro   0x000176a8      0x112 ./Middlewares/ST/STM32_USB_Device_Library/Class/CDC/Src/usbd_cdc.o
 .debug_macro   0x000177ba       0x56 ./Middlewares/ST/STM32_USB_Device_Library/Class/CDC/Src/usbd_cdc.o
 .debug_macro   0x00017810      0x32d ./Middlewares/ST/STM32_USB_Device_Library/Core/Src/usbd_core.o
 .debug_macro   0x00017b3d      0x1ce ./Middlewares/ST/STM32_USB_Device_Library/Core/Src/usbd_core.o
 .debug_macro   0x00017d0b      0x337 ./Middlewares/ST/STM32_USB_Device_Library/Core/Src/usbd_ctlreq.o
 .debug_macro   0x00018042      0x333 ./Middlewares/ST/STM32_USB_Device_Library/Core/Src/usbd_ioreq.o
 .debug_macro   0x00018375      0x366 ./USB_DEVICE/App/usb_device.o
 .debug_macro   0x000186db       0x2e ./USB_DEVICE/App/usb_device.o
 .debug_macro   0x00018709       0x22 ./USB_DEVICE/App/usb_device.o
 .debug_macro   0x0001872b       0x16 ./USB_DEVICE/App/usb_device.o
 .debug_macro   0x00018741      0x351 ./USB_DEVICE/App/usbd_cdc_if.o
 .debug_macro   0x00018a92      0x36a ./USB_DEVICE/App/usbd_desc.o
 .debug_macro   0x00018dfc       0x1c ./USB_DEVICE/App/usbd_desc.o
 .debug_macro   0x00018e18      0x34a ./USB_DEVICE/Target/usbd_conf.o

.debug_line     0x00000000     0xd4b1
 .debug_line    0x00000000      0x9c0 ./Core/Src/main.o
 .debug_line    0x000009c0      0x640 ./Core/Src/stm32f1xx_hal_msp.o
 .debug_line    0x00001000      0x706 ./Core/Src/stm32f1xx_it.o
 .debug_line    0x00001706      0x6be ./Core/Src/system_stm32f1xx.o
 .debug_line    0x00001dc4       0x78 ./Core/Startup/startup_stm32f103c8tx.o
 .debug_line    0x00001e3c      0x8ef ./Drivers/STM32F1xx_HAL_Driver/Src/stm32f1xx_hal.o
 .debug_line    0x0000272b      0xab9 ./Drivers/STM32F1xx_HAL_Driver/Src/stm32f1xx_hal_cortex.o
 .debug_line    0x000031e4      0x94c ./Drivers/STM32F1xx_HAL_Driver/Src/stm32f1xx_hal_gpio.o
 .debug_line    0x00003b30     0x1274 ./Drivers/STM32F1xx_HAL_Driver/Src/stm32f1xx_hal_pcd.o
 .debug_line    0x00004da4      0x6b9 ./Drivers/STM32F1xx_HAL_Driver/Src/stm32f1xx_hal_pcd_ex.o
 .debug_line    0x0000545d      0xda8 ./Drivers/STM32F1xx_HAL_Driver/Src/stm32f1xx_hal_rcc.o
 .debug_line    0x00006205      0x859 ./Drivers/STM32F1xx_HAL_Driver/Src/stm32f1xx_hal_rcc_ex.o
 .debug_line    0x00006a5e     0x105f ./Drivers/STM32F1xx_HAL_Driver/Src/stm32f1xx_ll_usb.o
 .debug_line    0x00007abd      0xc38 ./Middlewares/ST/STM32_USB_Device_Library/Class/CDC/Src/usbd_cdc.o
 .debug_line    0x000086f5      0xc8d ./Middlewares/ST/STM32_USB_Device_Library/Core/Src/usbd_core.o
 .debug_line    0x00009382      0xed7 ./Middlewares/ST/STM32_USB_Device_Library/Core/Src/usbd_ctlreq.o
 .debug_line    0x0000a259      0x943 ./Middlewares/ST/STM32_USB_Device_Library/Core/Src/usbd_ioreq.o
 .debug_line    0x0000ab9c      0x913 ./USB_DEVICE/App/usb_device.o
 .debug_line    0x0000b4af      0x957 ./USB_DEVICE/App/usbd_cdc_if.o
 .debug_line    0x0000be06      0x9bc ./USB_DEVICE/App/usbd_desc.o
 .debug_line    0x0000c7c2      0xcef ./USB_DEVICE/Target/usbd_conf.o

.debug_str      0x00000000    0x847f1
 .debug_str     0x00000000    0x847f1 ./Core/Src/main.o
                              0x82143 (size before relaxing)
 .debug_str     0x000847f1    0x7d872 ./Core/Src/stm32f1xx_hal_msp.o
 .debug_str     0x000847f1    0x7dc51 ./Core/Src/stm32f1xx_it.o
 .debug_str     0x000847f1    0x7d803 ./Core/Src/system_stm32f1xx.o
 .debug_str     0x000847f1       0x8d ./Core/Startup/startup_stm32f103c8tx.o
 .debug_str     0x000847f1    0x7df36 ./Drivers/STM32F1xx_HAL_Driver/Src/stm32f1xx_hal.o
 .debug_str     0x000847f1    0x7de82 ./Drivers/STM32F1xx_HAL_Driver/Src/stm32f1xx_hal_cortex.o
 .debug_str     0x000847f1    0x7db89 ./Drivers/STM32F1xx_HAL_Driver/Src/stm32f1xx_hal_gpio.o
 .debug_str     0x000847f1    0x7e120 ./Drivers/STM32F1xx_HAL_Driver/Src/stm32f1xx_hal_pcd.o
 .debug_str     0x000847f1    0x7dc82 ./Drivers/STM32F1xx_HAL_Driver/Src/stm32f1xx_hal_pcd_ex.o
 .debug_str     0x000847f1    0x7dc32 ./Drivers/STM32F1xx_HAL_Driver/Src/stm32f1xx_hal_rcc.o
 .debug_str     0x000847f1    0x7d982 ./Drivers/STM32F1xx_HAL_Driver/Src/stm32f1xx_hal_rcc_ex.o
 .debug_str     0x000847f1    0x7dcd4 ./Drivers/STM32F1xx_HAL_Driver/Src/stm32f1xx_ll_usb.o
 .debug_str     0x000847f1    0x82809 ./Middlewares/ST/STM32_USB_Device_Library/Class/CDC/Src/usbd_cdc.o
 .debug_str     0x000847f1    0x82139 ./Middlewares/ST/STM32_USB_Device_Library/Core/Src/usbd_core.o
 .debug_str     0x000847f1    0x82053 ./Middlewares/ST/STM32_USB_Device_Library/Core/Src/usbd_ctlreq.o
 .debug_str     0x000847f1    0x81f80 ./Middlewares/ST/STM32_USB_Device_Library/Core/Src/usbd_ioreq.o
 .debug_str     0x000847f1    0x8230b ./USB_DEVICE/App/usb_device.o
 .debug_str     0x000847f1    0x8236d ./USB_DEVICE/App/usbd_cdc_if.o
 .debug_str     0x000847f1    0x81ebc ./USB_DEVICE/App/usbd_desc.o
 .debug_str     0x000847f1    0x82d96 ./USB_DEVICE/Target/usbd_conf.o

.comment        0x00000000       0x43
 .comment       0x00000000       0x43 ./Core/Src/main.o
                                 0x44 (size before relaxing)
 .comment       0x00000043       0x44 ./Core/Src/stm32f1xx_hal_msp.o
 .comment       0x00000043       0x44 ./Core/Src/stm32f1xx_it.o
 .comment       0x00000043       0x44 ./Core/Src/system_stm32f1xx.o
 .comment       0x00000043       0x44 ./Drivers/STM32F1xx_HAL_Driver/Src/stm32f1xx_hal.o
 .comment       0x00000043       0x44 ./Drivers/STM32F1xx_HAL_Driver/Src/stm32f1xx_hal_cortex.o
 .comment       0x00000043       0x44 ./Drivers/STM32F1xx_HAL_Driver/Src/stm32f1xx_hal_gpio.o
 .comment       0x00000043       0x44 ./Drivers/STM32F1xx_HAL_Driver/Src/stm32f1xx_hal_pcd.o
 .comment       0x00000043       0x44 ./Drivers/STM32F1xx_HAL_Driver/Src/stm32f1xx_hal_pcd_ex.o
 .comment       0x00000043       0x44 ./Drivers/STM32F1xx_HAL_Driver/Src/stm32f1xx_hal_rcc.o
 .comment       0x00000043       0x44 ./Drivers/STM32F1xx_HAL_Driver/Src/stm32f1xx_hal_rcc_ex.o
 .comment       0x00000043       0x44 ./Drivers/STM32F1xx_HAL_Driver/Src/stm32f1xx_ll_usb.o
 .comment       0x00000043       0x44 ./Middlewares/ST/STM32_USB_Device_Library/Class/CDC/Src/usbd_cdc.o
 .comment       0x00000043       0x44 ./Middlewares/ST/STM32_USB_Device_Library/Core/Src/usbd_core.o
 .comment       0x00000043       0x44 ./Middlewares/ST/STM32_USB_Device_Library/Core/Src/usbd_ctlreq.o
 .comment       0x00000043       0x44 ./Middlewares/ST/STM32_USB_Device_Library/Core/Src/usbd_ioreq.o
 .comment       0x00000043       0x44 ./USB_DEVICE/App/usb_device.o
 .comment       0x00000043       0x44 ./USB_DEVICE/App/usbd_cdc_if.o
 .comment       0x00000043       0x44 ./USB_DEVICE/App/usbd_desc.o
 .comment       0x00000043       0x44 ./USB_DEVICE/Target/usbd_conf.o

.debug_frame    0x00000000     0x29f8
 .debug_frame   0x00000000       0x90 ./Core/Src/main.o
 .debug_frame   0x00000090       0x38 ./Core/Src/stm32f1xx_hal_msp.o
 .debug_frame   0x000000c8      0x120 ./Core/Src/stm32f1xx_it.o
 .debug_frame   0x000001e8       0x58 ./Core/Src/system_stm32f1xx.o
 .debug_frame   0x00000240      0x334 ./Drivers/STM32F1xx_HAL_Driver/Src/stm32f1xx_hal.o
 .debug_frame   0x00000574      0x428 ./Drivers/STM32F1xx_HAL_Driver/Src/stm32f1xx_hal_cortex.o
 .debug_frame   0x0000099c      0x14c ./Drivers/STM32F1xx_HAL_Driver/Src/stm32f1xx_hal_gpio.o
 .debug_frame   0x00000ae8      0x594 ./Drivers/STM32F1xx_HAL_Driver/Src/stm32f1xx_hal_pcd.o
 .debug_frame   0x0000107c       0xb0 ./Drivers/STM32F1xx_HAL_Driver/Src/stm32f1xx_hal_pcd_ex.o
 .debug_frame   0x0000112c      0x218 ./Drivers/STM32F1xx_HAL_Driver/Src/stm32f1xx_hal_rcc.o
 .debug_frame   0x00001344       0x80 ./Drivers/STM32F1xx_HAL_Driver/Src/stm32f1xx_hal_rcc_ex.o
 .debug_frame   0x000013c4      0x470 ./Drivers/STM32F1xx_HAL_Driver/Src/stm32f1xx_ll_usb.o
 .debug_frame   0x00001834      0x248 ./Middlewares/ST/STM32_USB_Device_Library/Class/CDC/Src/usbd_cdc.o
 .debug_frame   0x00001a7c      0x300 ./Middlewares/ST/STM32_USB_Device_Library/Core/Src/usbd_core.o
 .debug_frame   0x00001d7c      0x218 ./Middlewares/ST/STM32_USB_Device_Library/Core/Src/usbd_ctlreq.o
 .debug_frame   0x00001f94      0x10c ./Middlewares/ST/STM32_USB_Device_Library/Core/Src/usbd_ioreq.o
 .debug_frame   0x000020a0       0x2c ./USB_DEVICE/App/usb_device.o
 .debug_frame   0x000020cc       0xbc ./USB_DEVICE/App/usbd_cdc_if.o
 .debug_frame   0x00002188      0x160 ./USB_DEVICE/App/usbd_desc.o
 .debug_frame   0x000022e8      0x4a4 ./USB_DEVICE/Target/usbd_conf.o
 .debug_frame   0x0000278c       0x30 /opt/st/stm32cubeide_1.19.0/plugins/com.st.stm32cube.ide.mcu.externaltools.gnu-tools-for-stm32.13.3.rel1.linux64_1.0.0.202410170706/tools/bin/../lib/gcc/arm-none-eabi/13.3.1/../../../../arm-none-eabi/lib/thumb/v7-m/nofp/libc_nano.a(libc_a-atoi.o)
 .debug_frame   0x000027bc       0x64 /opt/st/stm32cubeide_1.19.0/plugins/com.st.stm32cube.ide.mcu.externaltools.gnu-tools-for-stm32.13.3.rel1.linux64_1.0.0.202410170706/tools/bin/../lib/gcc/arm-none-eabi/13.3.1/../../../../arm-none-eabi/lib/thumb/v7-m/nofp/libc_nano.a(libc_a-strtol.o)
 .debug_frame   0x00002820      0x144 /opt/st/stm32cubeide_1.19.0/plugins/com.st.stm32cube.ide.mcu.externaltools.gnu-tools-for-stm32.13.3.rel1.linux64_1.0.0.202410170706/tools/bin/../lib/gcc/arm-none-eabi/13.3.1/../../../../arm-none-eabi/lib/thumb/v7-m/nofp/libc_nano.a(libc_a-findfp.o)
 .debug_frame   0x00002964       0x20 /opt/st/stm32cubeide_1.19.0/plugins/com.st.stm32cube.ide.mcu.externaltools.gnu-tools-for-stm32.13.3.rel1.linux64_1.0.0.202410170706/tools/bin/../lib/gcc/arm-none-eabi/13.3.1/../../../../arm-none-eabi/lib/thumb/v7-m/nofp/libc_nano.a(libc_a-memset.o)
 .debug_frame   0x00002984       0x20 /opt/st/stm32cubeide_1.19.0/plugins/com.st.stm32cube.ide.mcu.externaltools.gnu-tools-for-stm32.13.3.rel1.linux64_1.0.0.202410170706/tools/bin/../lib/gcc/arm-none-eabi/13.3.1/../../../../arm-none-eabi/lib/thumb/v7-m/nofp/libc_nano.a(libc_a-errno.o)
 .debug_frame   0x000029a4       0x2c /opt/st/stm32cubeide_1.19.0/plugins/com.st.stm32cube.ide.mcu.externaltools.gnu-tools-for-stm32.13.3.rel1.linux64_1.0.0.202410170706/tools/bin/../lib/gcc/arm-none-eabi/13.3.1/../../../../arm-none-eabi/lib/thumb/v7-m/nofp/libc_nano.a(libc_a-init.o)
 .debug_frame   0x000029d0       0x28 /opt/st/stm32cubeide_1.19.0/plugins/com.st.stm32cube.ide.mcu.externaltools.gnu-tools-for-stm32.13.3.rel1.linux64_1.0.0.202410170706/tools/bin/../lib/gcc/arm-none-eabi/13.3.1/../../../../arm-none-eabi/lib/thumb/v7-m/nofp/libc_nano.a(libc_a-memcpy-stub.o)

.debug_line_str
                0x00000000       0x71
 .debug_line_str
                0x00000000       0x71 ./Core/Startup/startup_stm32f103c8tx.o
